2025-10-21 00:36:50.908 [info] [aebc6443-996d-45c2-90f0-388ff96faa56] Native Broker is only available on Windows
2025-10-21 00:36:51.013 [info] [getSessions] [all] starting
2025-10-21 00:36:51.013 [info] [getSessions] [all] returned 0 session(s)
2025-10-21 00:36:51.013 [info] [getSessions] [all] starting
2025-10-21 00:36:51.013 [info] [getSessions] [all] returned 0 session(s)
2025-10-21 00:36:51.013 [info] [getSessions] [all] starting
2025-10-21 00:36:51.013 [info] [getSessions] [all] returned 0 session(s)
2025-10-21 00:36:51.014 [info] [getSessions] [email offline_access openid profile] starting
2025-10-21 00:36:51.014 [info] [aebc6443-996d-45c2-90f0-388ff96faa56] Native Broker is only available on Windows
2025-10-21 00:36:51.065 [info] [getSessions] [email offline_access openid profile] returned 0 session(s)
2025-10-21 00:36:52.250 [info] [getSessions] [all] starting
2025-10-21 00:36:52.250 [info] [getSessions] [all] returned 0 session(s)
2025-10-21 00:36:52.250 [info] [getSessions] [all] starting
2025-10-21 00:36:52.250 [info] [getSessions] [all] returned 0 session(s)
2025-10-21 00:36:52.251 [info] [getSessions] [all] starting
2025-10-21 00:36:52.251 [info] [getSessions] [all] returned 0 session(s)
2025-10-21 00:36:53.575 [info] [getSessions] [499b84ac-1321-427f-aa17-267ca6975798/.default offline_access] starting
2025-10-21 00:36:53.575 [info] [getSessions] [499b84ac-1321-427f-aa17-267ca6975798/.default offline_access] returned 0 session(s)
2025-10-21 00:36:54.611 [info] [getSessions] [499b84ac-1321-427f-aa17-267ca6975798/.default offline_access] starting
2025-10-21 00:36:54.611 [info] [getSessions] [499b84ac-1321-427f-aa17-267ca6975798/.default offline_access] returned 0 session(s)
2025-10-21 00:36:55.771 [info] [getSessions] [all] starting
2025-10-21 00:36:55.771 [info] [getSessions] [all] returned 0 session(s)
