2025-10-03 19:44:11.917 [info] [main] Log level: Info
2025-10-03 19:44:11.917 [info] [main] Validating found git in: "git"
2025-10-03 19:44:11.917 [info] [main] Using git "2.51.0" from "git"
2025-10-03 19:44:11.917 [info] [Model][doInitialScan] Initial repository scan started
2025-10-03 19:44:11.917 [info] > git rev-parse --show-toplevel [3ms]
2025-10-03 19:44:11.917 [info] fatal: not a git repository (or any of the parent directories): .git
2025-10-03 19:44:11.917 [info] > git rev-parse --show-toplevel [1ms]
2025-10-03 19:44:11.917 [info] fatal: not a git repository (or any of the parent directories): .git
2025-10-03 19:44:11.917 [info] > git rev-parse --show-toplevel [1ms]
2025-10-03 19:44:11.917 [info] fatal: not a git repository (or any of the parent directories): .git
2025-10-03 19:44:11.917 [info] > git rev-parse --show-toplevel [1ms]
2025-10-03 19:44:11.917 [info] fatal: not a git repository (or any of the parent directories): .git
2025-10-03 19:44:11.917 [info] > git rev-parse --show-toplevel [1ms]
2025-10-03 19:44:11.917 [info] fatal: not a git repository (or any of the parent directories): .git
2025-10-03 19:44:11.917 [info] > git rev-parse --show-toplevel [6ms]
2025-10-03 19:44:11.917 [info] fatal: not a git repository (or any of the parent directories): .git
2025-10-03 19:44:11.917 [info] > git rev-parse --show-toplevel [1ms]
2025-10-03 19:44:11.917 [info] fatal: not a git repository (or any of the parent directories): .git
2025-10-03 19:44:11.917 [info] > git rev-parse --show-toplevel [1ms]
2025-10-03 19:44:11.917 [info] fatal: not a git repository (or any of the parent directories): .git
2025-10-03 19:44:11.917 [info] > git rev-parse --show-toplevel [1ms]
2025-10-03 19:44:11.917 [info] fatal: not a git repository (or any of the parent directories): .git
2025-10-03 19:44:11.917 [info] > git rev-parse --show-toplevel [1ms]
2025-10-03 19:44:11.917 [info] fatal: not a git repository (or any of the parent directories): .git
2025-10-03 19:44:11.917 [info] > git rev-parse --show-toplevel [1ms]
2025-10-03 19:44:11.917 [info] fatal: not a git repository (or any of the parent directories): .git
2025-10-03 19:44:11.917 [info] > git rev-parse --show-toplevel [1ms]
2025-10-03 19:44:11.917 [info] fatal: not a git repository (or any of the parent directories): .git
2025-10-03 19:44:11.917 [info] > git rev-parse --show-toplevel [19ms]
2025-10-03 19:44:11.917 [info] fatal: not a git repository (or any of the parent directories): .git
2025-10-03 19:44:11.924 [info] > git rev-parse --show-toplevel [4ms]
2025-10-03 19:44:11.924 [info] fatal: not a git repository (or any of the parent directories): .git
2025-10-03 19:44:11.928 [info] > git rev-parse --show-toplevel [1ms]
2025-10-03 19:44:11.928 [info] fatal: not a git repository (or any of the parent directories): .git
2025-10-03 19:44:14.578 [info] > git rev-parse --show-toplevel [2645ms]
2025-10-03 19:44:14.578 [info] fatal: not a git repository (or any of the parent directories): .git
2025-10-03 19:44:14.746 [info] > git rev-parse --show-toplevel [77ms]
2025-10-03 19:44:14.746 [info] fatal: not a git repository (or any of the parent directories): .git
2025-10-03 19:44:14.897 [info] > git rev-parse --show-toplevel [134ms]
2025-10-03 19:44:14.897 [info] fatal: not a git repository (or any of the parent directories): .git
2025-10-03 19:44:15.163 [info] > git rev-parse --show-toplevel [261ms]
2025-10-03 19:44:15.163 [info] fatal: not a git repository (or any of the parent directories): .git
2025-10-03 19:44:15.308 [info] > git rev-parse --show-toplevel [41ms]
2025-10-03 19:44:15.308 [info] fatal: not a git repository (or any of the parent directories): .git
2025-10-03 19:44:15.339 [info] > git rev-parse --show-toplevel [21ms]
2025-10-03 19:44:15.339 [info] fatal: not a git repository (or any of the parent directories): .git
2025-10-03 19:44:15.360 [info] > git rev-parse --show-toplevel [3ms]
2025-10-03 19:44:15.360 [info] fatal: not a git repository (or any of the parent directories): .git
2025-10-03 19:44:15.371 [info] > git rev-parse --show-toplevel [2ms]
2025-10-03 19:44:15.371 [info] fatal: not a git repository (or any of the parent directories): .git
2025-10-03 19:44:15.380 [info] > git rev-parse --show-toplevel [1ms]
2025-10-03 19:44:15.380 [info] fatal: not a git repository (or any of the parent directories): .git
2025-10-03 19:44:15.389 [info] > git rev-parse --show-toplevel [2ms]
2025-10-03 19:44:15.389 [info] fatal: not a git repository (or any of the parent directories): .git
2025-10-03 19:44:15.402 [info] > git rev-parse --show-toplevel [4ms]
2025-10-03 19:44:15.402 [info] fatal: not a git repository (or any of the parent directories): .git
2025-10-03 19:44:15.414 [info] > git rev-parse --show-toplevel [2ms]
2025-10-03 19:44:15.414 [info] fatal: not a git repository (or any of the parent directories): .git
2025-10-03 19:44:15.427 [info] > git rev-parse --show-toplevel [1ms]
2025-10-03 19:44:15.427 [info] fatal: not a git repository (or any of the parent directories): .git
2025-10-03 19:44:15.539 [info] > git rev-parse --show-toplevel [94ms]
2025-10-03 19:44:15.539 [info] fatal: not a git repository (or any of the parent directories): .git
2025-10-03 19:44:15.553 [info] > git rev-parse --show-toplevel [9ms]
2025-10-03 19:44:15.553 [info] fatal: not a git repository (or any of the parent directories): .git
2025-10-03 19:44:15.566 [info] > git rev-parse --show-toplevel [3ms]
2025-10-03 19:44:15.566 [info] fatal: not a git repository (or any of the parent directories): .git
2025-10-03 19:44:15.573 [info] > git rev-parse --show-toplevel [1ms]
2025-10-03 19:44:15.573 [info] fatal: not a git repository (or any of the parent directories): .git
2025-10-03 19:44:15.581 [info] > git rev-parse --show-toplevel [1ms]
2025-10-03 19:44:15.581 [info] fatal: not a git repository (or any of the parent directories): .git
2025-10-03 19:44:15.587 [info] > git rev-parse --show-toplevel [1ms]
2025-10-03 19:44:15.587 [info] fatal: not a git repository (or any of the parent directories): .git
2025-10-03 19:44:15.596 [info] > git rev-parse --show-toplevel [1ms]
2025-10-03 19:44:15.596 [info] fatal: not a git repository (or any of the parent directories): .git
2025-10-03 19:44:15.616 [info] > git rev-parse --show-toplevel [15ms]
2025-10-03 19:44:15.616 [info] fatal: not a git repository (or any of the parent directories): .git
2025-10-03 19:44:15.624 [info] > git rev-parse --show-toplevel [1ms]
2025-10-03 19:44:15.624 [info] fatal: not a git repository (or any of the parent directories): .git
2025-10-03 19:44:15.632 [info] > git rev-parse --show-toplevel [1ms]
2025-10-03 19:44:15.632 [info] fatal: not a git repository (or any of the parent directories): .git
2025-10-03 19:44:15.639 [info] > git rev-parse --show-toplevel [1ms]
2025-10-03 19:44:15.639 [info] fatal: not a git repository (or any of the parent directories): .git
2025-10-03 19:44:15.647 [info] > git rev-parse --show-toplevel [3ms]
2025-10-03 19:44:15.647 [info] fatal: not a git repository (or any of the parent directories): .git
2025-10-03 19:44:15.653 [info] > git rev-parse --show-toplevel [1ms]
2025-10-03 19:44:15.653 [info] fatal: not a git repository (or any of the parent directories): .git
2025-10-03 19:44:15.664 [info] > git rev-parse --show-toplevel [0ms]
2025-10-03 19:44:15.664 [info] fatal: not a git repository (or any of the parent directories): .git
2025-10-03 19:44:15.679 [info] > git rev-parse --show-toplevel [7ms]
2025-10-03 19:44:15.679 [info] fatal: not a git repository (or any of the parent directories): .git
2025-10-03 19:44:15.692 [info] > git rev-parse --show-toplevel [1ms]
2025-10-03 19:44:15.692 [info] fatal: not a git repository (or any of the parent directories): .git
2025-10-03 19:44:15.702 [info] > git rev-parse --show-toplevel [1ms]
2025-10-03 19:44:15.702 [info] fatal: not a git repository (or any of the parent directories): .git
2025-10-03 19:44:15.705 [info] [Model][doInitialScan] Initial repository scan completed - repositories (0), closed repositories (0), parent repositories (0), unsafe repositories (0)
2025-10-03 19:44:15.715 [info] > git rev-parse --show-toplevel [1ms]
2025-10-03 19:44:15.715 [info] fatal: not a git repository (or any of the parent directories): .git
2025-10-03 19:44:15.726 [info] > git rev-parse --show-toplevel [1ms]
2025-10-03 19:44:15.726 [info] fatal: not a git repository (or any of the parent directories): .git
2025-10-03 19:44:15.739 [info] > git rev-parse --show-toplevel [1ms]
2025-10-03 19:44:15.739 [info] fatal: not a git repository (or any of the parent directories): .git
2025-10-03 19:44:15.786 [info] > git rev-parse --show-toplevel [41ms]
2025-10-03 19:44:15.786 [info] fatal: not a git repository (or any of the parent directories): .git
2025-10-03 19:44:16.589 [info] > git rev-parse --show-toplevel [1ms]
2025-10-03 19:44:16.589 [info] fatal: not a git repository (or any of the parent directories): .git
