2025-10-02 13:11:24.336 [info] Reading sessions from keychain...
2025-10-02 13:11:24.336 [info] Getting sessions for all scopes...
2025-10-02 13:11:24.336 [info] Got 0 sessions for ...
2025-10-02 13:11:24.337 [info] Getting sessions for all scopes...
2025-10-02 13:11:24.337 [info] Got 0 sessions for ...
2025-10-02 13:11:24.337 [info] Getting sessions for all scopes...
2025-10-02 13:11:24.337 [info] Got 0 sessions for ...
2025-10-02 13:11:24.337 [info] Getting sessions for all scopes...
2025-10-02 13:11:24.337 [info] Got 0 sessions for ...
2025-10-02 13:11:24.337 [info] Getting sessions for user:email...
2025-10-02 13:11:24.337 [info] Got 0 sessions for user:email...
2025-10-02 13:11:24.337 [info] Getting sessions for all scopes...
2025-10-02 13:11:24.337 [info] Got 0 sessions for ...
2025-10-02 13:11:24.337 [info] Getting sessions for all scopes...
2025-10-02 13:11:24.337 [info] Got 0 sessions for ...
2025-10-02 13:11:24.337 [info] Getting sessions for all scopes...
2025-10-02 13:11:24.337 [info] Got 0 sessions for ...
2025-10-02 13:11:24.337 [info] Getting sessions for all scopes...
2025-10-02 13:11:24.337 [info] Got 0 sessions for ...
2025-10-02 13:11:24.337 [info] Getting sessions for all scopes...
2025-10-02 13:11:24.337 [info] Got 0 sessions for ...
2025-10-02 13:11:24.351 [info] Getting sessions for all scopes...
2025-10-02 13:11:24.351 [info] Got 0 sessions for ...
2025-10-02 13:11:24.357 [info] Getting sessions for all scopes...
2025-10-02 13:11:24.357 [info] Got 0 sessions for ...
2025-10-02 13:11:24.357 [info] Getting sessions for all scopes...
2025-10-02 13:11:24.357 [info] Got 0 sessions for ...
2025-10-02 13:11:24.357 [info] Getting sessions for all scopes...
2025-10-02 13:11:24.357 [info] Got 0 sessions for ...
2025-10-02 13:11:24.357 [info] Getting sessions for all scopes...
2025-10-02 13:11:24.357 [info] Got 0 sessions for ...
2025-10-02 13:11:24.357 [info] Getting sessions for all scopes...
2025-10-02 13:11:24.357 [info] Got 0 sessions for ...
2025-10-02 13:11:24.357 [info] Getting sessions for all scopes...
2025-10-02 13:11:24.357 [info] Got 0 sessions for ...
2025-10-02 13:11:26.065 [info] Getting sessions for all scopes...
2025-10-02 13:11:26.065 [info] Got 0 sessions for ...
2025-10-02 13:11:26.066 [info] Getting sessions for all scopes...
2025-10-02 13:11:26.066 [info] Got 0 sessions for ...
2025-10-02 13:11:26.068 [info] Getting sessions for all scopes...
2025-10-02 13:11:26.068 [info] Got 0 sessions for ...
2025-10-02 13:12:03.638 [info] Reading sessions from keychain...
2025-10-02 13:12:03.642 [info] Getting sessions for all scopes...
2025-10-02 13:12:03.642 [info] Got 0 sessions for ...
2025-10-02 13:12:03.642 [info] Getting sessions for all scopes...
2025-10-02 13:12:03.642 [info] Got 0 sessions for ...
2025-10-02 13:12:03.684 [info] Getting sessions for all scopes...
2025-10-02 13:12:03.684 [info] Got 0 sessions for ...
2025-10-02 13:12:03.697 [info] Getting sessions for all scopes...
2025-10-02 13:12:03.697 [info] Got 0 sessions for ...
2025-10-02 13:12:03.699 [info] Getting sessions for all scopes...
2025-10-02 13:12:03.699 [info] Got 0 sessions for ...
2025-10-02 13:12:03.699 [info] Getting sessions for all scopes...
2025-10-02 13:12:03.699 [info] Got 0 sessions for ...
2025-10-02 13:12:03.699 [info] Getting sessions for all scopes...
2025-10-02 13:12:03.699 [info] Got 0 sessions for ...
2025-10-02 13:12:03.699 [info] Getting sessions for all scopes...
2025-10-02 13:12:03.699 [info] Got 0 sessions for ...
2025-10-02 13:12:03.756 [info] Getting sessions for all scopes...
2025-10-02 13:12:03.756 [info] Got 0 sessions for ...
2025-10-02 13:12:03.756 [info] Getting sessions for all scopes...
2025-10-02 13:12:03.756 [info] Got 0 sessions for ...
2025-10-02 13:12:03.756 [info] Getting sessions for all scopes...
2025-10-02 13:12:03.756 [info] Got 0 sessions for ...
2025-10-02 13:12:03.756 [info] Getting sessions for all scopes...
2025-10-02 13:12:03.756 [info] Got 0 sessions for ...
2025-10-02 13:12:03.756 [info] Getting sessions for all scopes...
2025-10-02 13:12:03.756 [info] Got 0 sessions for ...
2025-10-02 13:12:03.809 [info] Getting sessions for all scopes...
2025-10-02 13:12:03.809 [info] Got 0 sessions for ...
2025-10-02 13:12:06.026 [info] Getting sessions for user:email...
2025-10-02 13:12:06.026 [info] Got 0 sessions for user:email...
2025-10-02 13:12:06.031 [info] Getting sessions for all scopes...
2025-10-02 13:12:06.031 [info] Got 0 sessions for ...
2025-10-02 13:12:06.064 [info] Getting sessions for all scopes...
2025-10-02 13:12:06.064 [info] Got 0 sessions for ...
2025-10-02 13:12:06.064 [info] Getting sessions for all scopes...
2025-10-02 13:12:06.064 [info] Got 0 sessions for ...
2025-10-02 13:12:06.064 [info] Getting sessions for all scopes...
2025-10-02 13:12:06.064 [info] Got 0 sessions for ...
2025-10-02 13:12:06.180 [info] Getting sessions for all scopes...
2025-10-02 13:12:06.180 [info] Got 0 sessions for ...
2025-10-02 13:12:06.180 [info] Getting sessions for all scopes...
2025-10-02 13:12:06.180 [info] Got 0 sessions for ...
2025-10-02 13:12:06.599 [info] Getting sessions for user:email...
2025-10-02 13:12:06.599 [info] Got 0 sessions for user:email...
2025-10-02 13:12:06.599 [info] Getting sessions for read:user,repo,user:email,workflow...
2025-10-02 13:12:06.599 [info] Got 0 sessions for read:user,repo,user:email,workflow...
2025-10-02 13:12:06.609 [info] Getting sessions for all scopes...
2025-10-02 13:12:06.609 [info] Got 0 sessions for ...
2025-10-02 13:12:06.612 [info] Getting sessions for all scopes...
2025-10-02 13:12:06.612 [info] Got 0 sessions for ...
2025-10-02 13:12:06.612 [info] Getting sessions for read:user,repo,user:email,workflow...
2025-10-02 13:12:06.612 [info] Got 0 sessions for read:user,repo,user:email,workflow...
2025-10-02 13:12:06.647 [info] Getting sessions for all scopes...
2025-10-02 13:12:06.647 [info] Got 0 sessions for ...
2025-10-02 13:12:06.647 [info] Getting sessions for user:email...
2025-10-02 13:12:06.647 [info] Got 0 sessions for user:email...
2025-10-02 13:12:06.649 [info] Getting sessions for read:user...
2025-10-02 13:12:06.649 [info] Got 0 sessions for read:user...
2025-10-02 13:12:06.657 [info] Getting sessions for user:email...
2025-10-02 13:12:06.657 [info] Got 0 sessions for user:email...
2025-10-02 13:12:06.657 [info] Getting sessions for user:email...
2025-10-02 13:12:06.657 [info] Got 0 sessions for user:email...
2025-10-02 13:12:06.668 [info] Getting sessions for all scopes...
2025-10-02 13:12:06.668 [info] Got 0 sessions for ...
2025-10-02 13:12:06.673 [info] Getting sessions for user:email...
2025-10-02 13:12:06.673 [info] Got 0 sessions for user:email...
2025-10-02 13:12:06.740 [info] Getting sessions for all scopes...
2025-10-02 13:12:06.740 [info] Got 0 sessions for ...
2025-10-02 13:12:06.747 [info] Getting sessions for user:email...
2025-10-02 13:12:06.747 [info] Got 0 sessions for user:email...
2025-10-02 13:12:07.037 [info] Getting sessions for all scopes...
2025-10-02 13:12:07.037 [info] Got 0 sessions for ...
2025-10-02 13:12:07.037 [info] Getting sessions for user:email...
2025-10-02 13:12:07.038 [info] Got 0 sessions for user:email...
2025-10-02 13:12:07.038 [info] Getting sessions for all scopes...
2025-10-02 13:12:07.038 [info] Got 0 sessions for ...
2025-10-02 13:12:07.038 [info] Getting sessions for all scopes...
2025-10-02 13:12:07.038 [info] Got 0 sessions for ...
2025-10-02 13:12:07.039 [info] Getting sessions for user:email...
2025-10-02 13:12:07.039 [info] Got 0 sessions for user:email...
