2025-10-04 20:59:01.609 [info] Reading sessions from keychain...
2025-10-04 20:59:01.609 [info] Getting sessions for all scopes...
2025-10-04 20:59:01.638 [info] Got 0 sessions for ...
2025-10-04 20:59:01.638 [info] Getting sessions for all scopes...
2025-10-04 20:59:01.638 [info] Got 0 sessions for ...
2025-10-04 20:59:01.647 [info] Getting sessions for all scopes...
2025-10-04 20:59:01.647 [info] Got 0 sessions for ...
2025-10-04 20:59:01.722 [info] Getting sessions for all scopes...
2025-10-04 20:59:01.722 [info] Got 0 sessions for ...
2025-10-04 20:59:01.722 [info] Getting sessions for all scopes...
2025-10-04 20:59:01.722 [info] Got 0 sessions for ...
2025-10-04 20:59:01.722 [info] Getting sessions for all scopes...
2025-10-04 20:59:01.722 [info] Got 0 sessions for ...
2025-10-04 20:59:01.723 [info] Getting sessions for all scopes...
2025-10-04 20:59:01.723 [info] Got 0 sessions for ...
2025-10-04 20:59:01.723 [info] Getting sessions for all scopes...
2025-10-04 20:59:01.723 [info] Got 0 sessions for ...
2025-10-04 20:59:02.205 [info] Getting sessions for all scopes...
2025-10-04 20:59:02.205 [info] Got 0 sessions for ...
2025-10-04 20:59:02.205 [info] Getting sessions for all scopes...
2025-10-04 20:59:02.205 [info] Got 0 sessions for ...
2025-10-04 20:59:02.205 [info] Getting sessions for all scopes...
2025-10-04 20:59:02.205 [info] Got 0 sessions for ...
2025-10-04 20:59:02.205 [info] Getting sessions for all scopes...
2025-10-04 20:59:02.205 [info] Got 0 sessions for ...
2025-10-04 20:59:02.205 [info] Getting sessions for all scopes...
2025-10-04 20:59:02.205 [info] Got 0 sessions for ...
2025-10-04 20:59:02.228 [info] Getting sessions for all scopes...
2025-10-04 20:59:02.228 [info] Got 0 sessions for ...
2025-10-04 20:59:02.236 [info] Getting sessions for user:email...
2025-10-04 20:59:02.236 [info] Got 0 sessions for user:email...
2025-10-04 20:59:02.239 [info] Getting sessions for all scopes...
2025-10-04 20:59:02.239 [info] Got 0 sessions for ...
2025-10-04 20:59:03.345 [info] Getting sessions for all scopes...
2025-10-04 20:59:03.345 [info] Got 0 sessions for ...
2025-10-04 20:59:03.346 [info] Getting sessions for all scopes...
2025-10-04 20:59:03.346 [info] Got 0 sessions for ...
2025-10-04 20:59:03.349 [info] Getting sessions for all scopes...
2025-10-04 20:59:03.349 [info] Got 0 sessions for ...
