2025-10-21 00:36:50.887 [info] Reading sessions from keychain...
2025-10-21 00:36:50.887 [info] Getting sessions for all scopes...
2025-10-21 00:36:50.887 [info] Got stored sessions!
2025-10-21 00:36:50.887 [info] Got 1 verified sessions.
2025-10-21 00:36:50.887 [info] Got 1 sessions for ...
2025-10-21 00:36:50.887 [info] Getting sessions for all scopes...
2025-10-21 00:36:50.887 [info] Got 1 sessions for ...
2025-10-21 00:36:50.887 [info] Getting sessions for all scopes...
2025-10-21 00:36:50.887 [info] Got 1 sessions for ...
2025-10-21 00:36:50.887 [info] Getting sessions for all scopes...
2025-10-21 00:36:50.887 [info] Got 1 sessions for ...
2025-10-21 00:36:50.887 [info] Getting sessions for user:email...
2025-10-21 00:36:50.887 [info] Got 1 sessions for user:email...
2025-10-21 00:36:50.887 [info] Getting sessions for all scopes...
2025-10-21 00:36:50.887 [info] Got 1 sessions for ...
2025-10-21 00:36:50.887 [info] Getting sessions for all scopes...
2025-10-21 00:36:50.887 [info] Got 1 sessions for ...
2025-10-21 00:36:50.887 [info] Getting sessions for all scopes...
2025-10-21 00:36:50.887 [info] Got 1 sessions for ...
2025-10-21 00:36:50.887 [info] Getting sessions for all scopes...
2025-10-21 00:36:50.887 [info] Got 1 sessions for ...
2025-10-21 00:36:50.887 [info] Getting sessions for all scopes...
2025-10-21 00:36:50.887 [info] Got 1 sessions for ...
2025-10-21 00:36:50.887 [info] Getting sessions for all scopes...
2025-10-21 00:36:50.887 [info] Got 1 sessions for ...
2025-10-21 00:36:50.887 [info] Getting sessions for all scopes...
2025-10-21 00:36:50.887 [info] Got 1 sessions for ...
2025-10-21 00:36:50.887 [info] Getting sessions for all scopes...
2025-10-21 00:36:50.887 [info] Got 1 sessions for ...
2025-10-21 00:36:50.887 [info] Getting sessions for all scopes...
2025-10-21 00:36:50.887 [info] Got 1 sessions for ...
2025-10-21 00:36:50.887 [info] Getting sessions for all scopes...
2025-10-21 00:36:50.887 [info] Got 1 sessions for ...
2025-10-21 00:36:50.887 [info] Getting sessions for all scopes...
2025-10-21 00:36:50.887 [info] Got 1 sessions for ...
2025-10-21 00:36:50.887 [info] Getting sessions for all scopes...
2025-10-21 00:36:50.887 [info] Got 1 sessions for ...
2025-10-21 00:36:51.013 [info] Getting sessions for user:email...
2025-10-21 00:36:51.013 [info] Got 1 sessions for user:email...
2025-10-21 00:36:51.067 [info] Getting sessions for user:email...
2025-10-21 00:36:51.067 [info] Got 1 sessions for user:email...
2025-10-21 00:36:52.250 [info] Getting sessions for all scopes...
2025-10-21 00:36:52.250 [info] Got 1 sessions for ...
2025-10-21 00:36:52.250 [info] Getting sessions for all scopes...
2025-10-21 00:36:52.250 [info] Got 1 sessions for ...
2025-10-21 00:36:52.251 [info] Getting sessions for all scopes...
2025-10-21 00:36:52.251 [info] Got 1 sessions for ...
2025-10-21 00:36:53.575 [info] Getting sessions for all scopes...
2025-10-21 00:36:53.575 [info] Got 1 sessions for ...
2025-10-21 00:36:53.575 [info] Getting sessions for all scopes...
2025-10-21 00:36:53.575 [info] Got 1 sessions for ...
2025-10-21 00:36:53.776 [info] Getting sessions for all scopes...
2025-10-21 00:36:53.776 [info] Got 1 sessions for ...
2025-10-21 00:36:53.782 [info] Getting sessions for read:user,repo,user:email,workflow...
2025-10-21 00:36:53.782 [info] Got 0 sessions for read:user,repo,user:email,workflow...
2025-10-21 00:36:53.783 [info] Getting sessions for all scopes...
2025-10-21 00:36:53.783 [info] Got 1 sessions for ...
2025-10-21 00:36:53.783 [info] Getting sessions for read:user,repo,user:email,workflow...
2025-10-21 00:36:53.783 [info] Got 0 sessions for read:user,repo,user:email,workflow...
2025-10-21 00:36:53.821 [info] fetching: Electron fetch failed with status: 429 
2025-10-21 00:36:53.824 [info] Getting sessions for user:email...
2025-10-21 00:36:53.824 [info] Got 1 sessions for user:email...
2025-10-21 00:36:53.824 [info] Getting sessions for read:user,repo,user:email,workflow...
2025-10-21 00:36:53.824 [info] Got 0 sessions for read:user,repo,user:email,workflow...
2025-10-21 00:36:53.824 [info] Getting sessions for read:user...
2025-10-21 00:36:53.824 [info] Got 0 sessions for read:user...
2025-10-21 00:36:53.838 [info] Getting sessions for read:user,repo,user:email,workflow...
2025-10-21 00:36:53.838 [info] Got 0 sessions for read:user,repo,user:email,workflow...
2025-10-21 00:36:53.839 [info] Getting sessions for all scopes...
2025-10-21 00:36:53.839 [info] Got 1 sessions for ...
2025-10-21 00:36:53.839 [info] Getting sessions for user:email...
2025-10-21 00:36:53.839 [info] Got 1 sessions for user:email...
2025-10-21 00:36:53.842 [info] Getting sessions for read:user,repo,user:email,workflow...
2025-10-21 00:36:53.842 [info] Got 0 sessions for read:user,repo,user:email,workflow...
2025-10-21 00:36:53.843 [info] Getting sessions for user:email...
2025-10-21 00:36:53.843 [info] Got 1 sessions for user:email...
2025-10-21 00:36:53.957 [info] Getting sessions for all scopes...
2025-10-21 00:36:53.957 [info] Got 1 sessions for ...
2025-10-21 00:36:53.958 [info] Getting sessions for read:user,repo,user:email,workflow...
2025-10-21 00:36:53.958 [info] Got 0 sessions for read:user,repo,user:email,workflow...
2025-10-21 00:36:53.959 [info] Getting sessions for user:email...
2025-10-21 00:36:53.959 [info] Got 1 sessions for user:email...
2025-10-21 00:36:54.377 [info] fetching: Node fetch failed with status: 429 Too Many Requests
2025-10-21 00:36:54.411 [info] Getting sessions for all scopes...
2025-10-21 00:36:54.411 [info] Got 1 sessions for ...
2025-10-21 00:36:54.411 [info] Getting sessions for all scopes...
2025-10-21 00:36:54.411 [info] Got 1 sessions for ...
2025-10-21 00:36:54.412 [info] Getting sessions for read:user,repo,user:email,workflow...
2025-10-21 00:36:54.412 [info] Got 0 sessions for read:user,repo,user:email,workflow...
2025-10-21 00:36:54.412 [info] Getting sessions for user:email...
2025-10-21 00:36:54.412 [info] Got 1 sessions for user:email...
2025-10-21 00:36:54.412 [info] Getting sessions for read:user,repo,user:email,workflow...
2025-10-21 00:36:54.412 [info] Got 0 sessions for read:user,repo,user:email,workflow...
2025-10-21 00:36:54.413 [info] Getting sessions for all scopes...
2025-10-21 00:36:54.413 [info] Got 1 sessions for ...
2025-10-21 00:36:54.413 [info] Getting sessions for read:user,repo,user:email,workflow...
2025-10-21 00:36:54.413 [info] Got 0 sessions for read:user,repo,user:email,workflow...
2025-10-21 00:36:54.413 [info] Getting sessions for user:email...
2025-10-21 00:36:54.413 [info] Got 1 sessions for user:email...
2025-10-21 00:36:54.611 [info] Getting sessions for all scopes...
2025-10-21 00:36:54.611 [info] Got 1 sessions for ...
2025-10-21 00:36:54.611 [info] Getting sessions for all scopes...
2025-10-21 00:36:54.611 [info] Got 1 sessions for ...
2025-10-21 00:36:54.613 [info] Getting sessions for read:user,repo,user:email,workflow...
2025-10-21 00:36:54.614 [info] Got 0 sessions for read:user,repo,user:email,workflow...
2025-10-21 00:36:54.626 [info] Getting sessions for user:email...
2025-10-21 00:36:54.626 [info] Got 1 sessions for user:email...
2025-10-21 00:36:54.626 [info] Getting sessions for read:user,repo,user:email,workflow...
2025-10-21 00:36:54.626 [info] Got 0 sessions for read:user,repo,user:email,workflow...
2025-10-21 00:36:54.630 [info] Getting sessions for all scopes...
2025-10-21 00:36:54.630 [info] Got 1 sessions for ...
2025-10-21 00:36:54.631 [info] Getting sessions for read:user,repo,user:email,workflow...
2025-10-21 00:36:54.631 [info] Got 0 sessions for read:user,repo,user:email,workflow...
2025-10-21 00:36:54.631 [info] Getting sessions for user:email...
2025-10-21 00:36:54.631 [info] Got 1 sessions for user:email...
2025-10-21 00:36:54.675 [info] Getting sessions for all scopes...
2025-10-21 00:36:54.675 [info] Got 1 sessions for ...
2025-10-21 00:36:54.676 [info] Getting sessions for all scopes...
2025-10-21 00:36:54.676 [info] Got 1 sessions for ...
2025-10-21 00:36:54.687 [info] Getting sessions for read:user,repo,user:email,workflow...
2025-10-21 00:36:54.687 [info] Got 0 sessions for read:user,repo,user:email,workflow...
2025-10-21 00:36:54.688 [info] Getting sessions for user:email...
2025-10-21 00:36:54.688 [info] Got 1 sessions for user:email...
2025-10-21 00:36:54.688 [info] Getting sessions for read:user,repo,user:email,workflow...
2025-10-21 00:36:54.688 [info] Got 0 sessions for read:user,repo,user:email,workflow...
2025-10-21 00:36:54.691 [info] Getting sessions for all scopes...
2025-10-21 00:36:54.691 [info] Got 1 sessions for ...
2025-10-21 00:36:54.697 [info] Getting sessions for all scopes...
2025-10-21 00:36:54.697 [info] Got 1 sessions for ...
2025-10-21 00:36:54.697 [info] Getting sessions for all scopes...
2025-10-21 00:36:54.697 [info] Got 1 sessions for ...
2025-10-21 00:36:54.701 [info] Getting sessions for read:user,repo,user:email,workflow...
2025-10-21 00:36:54.701 [info] Got 0 sessions for read:user,repo,user:email,workflow...
2025-10-21 00:36:54.701 [info] Getting sessions for user:email...
2025-10-21 00:36:54.701 [info] Got 1 sessions for user:email...
2025-10-21 00:36:54.961 [info] fetching: Node http/s failed with status: 429 Too Many Requests
2025-10-21 00:36:55.254 [info] Getting sessions for all scopes...
2025-10-21 00:36:55.254 [info] Got 1 sessions for ...
2025-10-21 00:36:55.255 [info] Getting sessions for read:user,repo,user:email,workflow...
2025-10-21 00:36:55.255 [info] Got 0 sessions for read:user,repo,user:email,workflow...
2025-10-21 00:36:55.255 [info] Getting sessions for user:email...
2025-10-21 00:36:55.255 [info] Got 1 sessions for user:email...
2025-10-21 00:36:55.255 [info] Getting sessions for all scopes...
2025-10-21 00:36:55.255 [info] Got 1 sessions for ...
2025-10-21 00:36:55.256 [info] Getting sessions for read:user,repo,user:email,workflow...
2025-10-21 00:36:55.256 [info] Got 0 sessions for read:user,repo,user:email,workflow...
2025-10-21 00:36:55.256 [info] Getting sessions for user:email...
2025-10-21 00:36:55.256 [info] Got 1 sessions for user:email...
2025-10-21 00:36:55.771 [info] Getting sessions for all scopes...
2025-10-21 00:36:55.771 [info] Got 1 sessions for ...
