2025-10-04 23:17:22.669 [info] Reading sessions from keychain...
2025-10-04 23:17:22.669 [info] Getting sessions for all scopes...
2025-10-04 23:17:22.720 [info] Got 0 sessions for ...
2025-10-04 23:17:22.720 [info] Getting sessions for all scopes...
2025-10-04 23:17:22.720 [info] Got 0 sessions for ...
2025-10-04 23:17:22.720 [info] Getting sessions for all scopes...
2025-10-04 23:17:22.720 [info] Got 0 sessions for ...
2025-10-04 23:17:22.720 [info] Getting sessions for all scopes...
2025-10-04 23:17:22.720 [info] Got 0 sessions for ...
2025-10-04 23:17:22.720 [info] Getting sessions for all scopes...
2025-10-04 23:17:22.720 [info] Got 0 sessions for ...
2025-10-04 23:17:22.720 [info] Getting sessions for all scopes...
2025-10-04 23:17:22.720 [info] Got 0 sessions for ...
2025-10-04 23:17:22.721 [info] Getting sessions for all scopes...
2025-10-04 23:17:22.721 [info] Got 0 sessions for ...
2025-10-04 23:17:22.725 [info] Getting sessions for all scopes...
2025-10-04 23:17:22.725 [info] Got 0 sessions for ...
2025-10-04 23:17:22.725 [info] Getting sessions for all scopes...
2025-10-04 23:17:22.725 [info] Got 0 sessions for ...
2025-10-04 23:17:22.725 [info] Getting sessions for all scopes...
2025-10-04 23:17:22.725 [info] Got 0 sessions for ...
2025-10-04 23:17:22.726 [info] Getting sessions for all scopes...
2025-10-04 23:17:22.726 [info] Got 0 sessions for ...
2025-10-04 23:17:22.726 [info] Getting sessions for all scopes...
2025-10-04 23:17:22.726 [info] Got 0 sessions for ...
2025-10-04 23:17:22.726 [info] Getting sessions for all scopes...
2025-10-04 23:17:22.726 [info] Got 0 sessions for ...
2025-10-04 23:17:22.783 [info] Getting sessions for all scopes...
2025-10-04 23:17:22.783 [info] Got 0 sessions for ...
2025-10-04 23:17:23.224 [info] Getting sessions for user:email...
2025-10-04 23:17:23.224 [info] Got 0 sessions for user:email...
2025-10-04 23:17:23.224 [info] Getting sessions for all scopes...
2025-10-04 23:17:23.224 [info] Got 0 sessions for ...
2025-10-04 23:17:24.720 [info] Getting sessions for all scopes...
2025-10-04 23:17:24.720 [info] Got 0 sessions for ...
2025-10-04 23:17:24.720 [info] Getting sessions for all scopes...
2025-10-04 23:17:24.720 [info] Got 0 sessions for ...
2025-10-04 23:17:24.727 [info] Getting sessions for all scopes...
2025-10-04 23:17:24.727 [info] Got 0 sessions for ...
2025-10-04 23:31:49.182 [info] Reading sessions from keychain...
2025-10-04 23:31:49.182 [info] Getting sessions for all scopes...
2025-10-04 23:31:49.187 [info] Got 0 sessions for ...
2025-10-04 23:31:49.187 [info] Getting sessions for all scopes...
2025-10-04 23:31:49.187 [info] Got 0 sessions for ...
2025-10-04 23:31:49.187 [info] Getting sessions for all scopes...
2025-10-04 23:31:49.187 [info] Got 0 sessions for ...
2025-10-04 23:31:49.187 [info] Getting sessions for all scopes...
2025-10-04 23:31:49.187 [info] Got 0 sessions for ...
2025-10-04 23:31:49.187 [info] Getting sessions for all scopes...
2025-10-04 23:31:49.187 [info] Got 0 sessions for ...
2025-10-04 23:31:49.187 [info] Getting sessions for all scopes...
2025-10-04 23:31:49.187 [info] Got 0 sessions for ...
2025-10-04 23:31:49.187 [info] Getting sessions for all scopes...
2025-10-04 23:31:49.187 [info] Got 0 sessions for ...
2025-10-04 23:31:49.187 [info] Getting sessions for all scopes...
2025-10-04 23:31:49.187 [info] Got 0 sessions for ...
2025-10-04 23:31:49.197 [info] Getting sessions for all scopes...
2025-10-04 23:31:49.197 [info] Got 0 sessions for ...
2025-10-04 23:31:49.197 [info] Getting sessions for all scopes...
2025-10-04 23:31:49.197 [info] Got 0 sessions for ...
2025-10-04 23:31:49.197 [info] Getting sessions for all scopes...
2025-10-04 23:31:49.197 [info] Got 0 sessions for ...
2025-10-04 23:31:49.197 [info] Getting sessions for all scopes...
2025-10-04 23:31:49.197 [info] Got 0 sessions for ...
2025-10-04 23:31:49.197 [info] Getting sessions for all scopes...
2025-10-04 23:31:49.197 [info] Got 0 sessions for ...
2025-10-04 23:31:49.197 [info] Getting sessions for all scopes...
2025-10-04 23:31:49.197 [info] Got 0 sessions for ...
2025-10-04 23:31:49.198 [info] Getting sessions for all scopes...
2025-10-04 23:31:49.198 [info] Got 0 sessions for ...
2025-10-04 23:31:50.013 [info] Getting sessions for user:email...
2025-10-04 23:31:50.013 [info] Got 0 sessions for user:email...
2025-10-04 23:31:50.019 [info] Getting sessions for all scopes...
2025-10-04 23:31:50.019 [info] Got 0 sessions for ...
2025-10-04 23:31:50.213 [info] Getting sessions for user:email...
2025-10-04 23:31:50.213 [info] Got 0 sessions for user:email...
2025-10-04 23:31:50.249 [info] Getting sessions for user:email...
2025-10-04 23:31:50.249 [info] Got 0 sessions for user:email...
2025-10-04 23:31:51.292 [info] Getting sessions for all scopes...
2025-10-04 23:31:51.292 [info] Got 0 sessions for ...
2025-10-04 23:31:51.293 [info] Getting sessions for all scopes...
2025-10-04 23:31:51.293 [info] Got 0 sessions for ...
2025-10-04 23:31:51.298 [info] Getting sessions for all scopes...
2025-10-04 23:31:51.298 [info] Got 0 sessions for ...
2025-10-04 23:31:51.944 [info] Getting sessions for all scopes...
2025-10-04 23:31:51.944 [info] Got 0 sessions for ...
2025-10-04 23:31:52.043 [info] Getting sessions for all scopes...
2025-10-04 23:31:52.043 [info] Got 0 sessions for ...
2025-10-04 23:31:53.977 [info] Getting sessions for all scopes...
2025-10-04 23:31:53.977 [info] Got 0 sessions for ...
2025-10-04 23:31:53.977 [info] Getting sessions for all scopes...
2025-10-04 23:31:53.977 [info] Got 0 sessions for ...
2025-10-04 23:31:54.266 [info] Getting sessions for user:email...
2025-10-04 23:31:54.266 [info] Got 0 sessions for user:email...
2025-10-04 23:31:54.266 [info] Getting sessions for read:user,repo,user:email,workflow...
2025-10-04 23:31:54.266 [info] Got 0 sessions for read:user,repo,user:email,workflow...
2025-10-04 23:31:54.266 [info] Getting sessions for all scopes...
2025-10-04 23:31:54.266 [info] Got 0 sessions for ...
2025-10-04 23:31:54.268 [info] Getting sessions for all scopes...
2025-10-04 23:31:54.268 [info] Got 0 sessions for ...
2025-10-04 23:31:54.269 [info] Getting sessions for read:user,repo,user:email,workflow...
2025-10-04 23:31:54.269 [info] Got 0 sessions for read:user,repo,user:email,workflow...
2025-10-04 23:31:54.269 [info] Getting sessions for all scopes...
2025-10-04 23:31:54.269 [info] Got 0 sessions for ...
2025-10-04 23:31:54.269 [info] Getting sessions for read:user...
2025-10-04 23:31:54.269 [info] Got 0 sessions for read:user...
2025-10-04 23:31:54.270 [info] Getting sessions for user:email...
2025-10-04 23:31:54.270 [info] Got 0 sessions for user:email...
2025-10-04 23:31:54.270 [info] Getting sessions for user:email...
2025-10-04 23:31:54.270 [info] Got 0 sessions for user:email...
2025-10-04 23:31:54.273 [info] Getting sessions for all scopes...
2025-10-04 23:31:54.273 [info] Got 0 sessions for ...
2025-10-04 23:31:54.320 [info] Getting sessions for user:email...
2025-10-04 23:31:54.320 [info] Got 0 sessions for user:email...
2025-10-04 23:31:54.486 [info] Getting sessions for all scopes...
2025-10-04 23:31:54.486 [info] Got 0 sessions for ...
2025-10-04 23:31:54.486 [info] Getting sessions for user:email...
2025-10-04 23:31:54.487 [info] Got 0 sessions for user:email...
2025-10-04 23:31:54.487 [info] Getting sessions for all scopes...
2025-10-04 23:31:54.487 [info] Got 0 sessions for ...
2025-10-04 23:31:54.487 [info] Getting sessions for all scopes...
2025-10-04 23:31:54.487 [info] Got 0 sessions for ...
2025-10-04 23:31:54.488 [info] Getting sessions for user:email...
2025-10-04 23:31:54.488 [info] Got 0 sessions for user:email...
2025-10-05 00:02:37.806 [info] Logging in with google,  'any' account...
2025-10-05 00:02:37.806 [info] Logging in for the following scopes: user:email
2025-10-05 00:02:37.849 [info] Trying with local server... (user:email)
2025-10-05 00:02:43.145 [info] Exchanging code for token...
2025-10-05 00:02:43.623 [info] fetching: Electron fetch succeeded (JSON)
2025-10-05 00:02:43.623 [info] Token exchange success!
2025-10-05 00:02:43.623 [info] Getting user info...
2025-10-05 00:02:44.067 [info] Got account info!
2025-10-05 00:02:44.068 [info] Storing 1 sessions...
2025-10-05 00:02:44.073 [info] Reading sessions from keychain...
2025-10-05 00:02:44.074 [info] Stored 1 sessions!
2025-10-05 00:02:44.074 [info] Login success!
2025-10-05 00:02:44.075 [info] Getting sessions for all scopes...
2025-10-05 00:02:44.080 [info] Got stored sessions!
2025-10-05 00:02:44.081 [info] Got 1 verified sessions.
2025-10-05 00:02:44.081 [info] Got 1 sessions for ...
2025-10-05 00:02:44.081 [info] Getting sessions for user:email...
2025-10-05 00:02:44.082 [info] Got 1 sessions for user:email...
2025-10-05 00:02:44.082 [info] Getting sessions for all scopes...
2025-10-05 00:02:44.082 [info] Got 1 sessions for ...
2025-10-05 00:02:44.085 [info] Getting sessions for all scopes...
2025-10-05 00:02:44.085 [info] Got 1 sessions for ...
2025-10-05 00:02:44.089 [info] Getting sessions for all scopes...
2025-10-05 00:02:44.089 [info] Got 1 sessions for ...
2025-10-05 00:02:44.090 [info] Getting sessions for all scopes...
2025-10-05 00:02:44.090 [info] Got 1 sessions for ...
2025-10-05 00:02:44.091 [info] Getting sessions for read:user,repo,user:email,workflow...
2025-10-05 00:02:44.091 [info] Got 0 sessions for read:user,repo,user:email,workflow...
2025-10-05 00:02:44.095 [info] Getting sessions for read:user,repo,user:email,workflow...
2025-10-05 00:02:44.095 [info] Got 0 sessions for read:user,repo,user:email,workflow...
2025-10-05 00:02:44.095 [info] Getting sessions for read:user...
2025-10-05 00:02:44.095 [info] Got 0 sessions for read:user...
2025-10-05 00:02:44.097 [info] Getting sessions for user:email...
2025-10-05 00:02:44.098 [info] Got 1 sessions for user:email...
2025-10-05 00:02:44.098 [info] Getting sessions for read:user,repo,user:email,workflow...
2025-10-05 00:02:44.098 [info] Got 0 sessions for read:user,repo,user:email,workflow...
2025-10-05 00:02:44.098 [info] Getting sessions for user:email...
2025-10-05 00:02:44.098 [info] Got 1 sessions for user:email...
2025-10-05 00:02:44.124 [info] Getting sessions for all scopes...
2025-10-05 00:02:44.124 [info] Got 1 sessions for ...
2025-10-05 00:02:44.125 [info] Getting sessions for read:user,repo,user:email,workflow...
2025-10-05 00:02:44.125 [info] Got 0 sessions for read:user,repo,user:email,workflow...
2025-10-05 00:02:44.125 [info] Getting sessions for user:email...
2025-10-05 00:02:44.125 [info] Got 1 sessions for user:email...
2025-10-05 00:02:44.126 [info] Getting sessions for all scopes...
2025-10-05 00:02:44.126 [info] Got 1 sessions for ...
2025-10-05 00:02:44.126 [info] Getting sessions for read:user,repo,user:email,workflow...
2025-10-05 00:02:44.126 [info] Got 0 sessions for read:user,repo,user:email,workflow...
2025-10-05 00:02:44.127 [info] Getting sessions for user:email...
2025-10-05 00:02:44.127 [info] Got 1 sessions for user:email...
2025-10-05 00:02:44.533 [info] Getting sessions for all scopes...
2025-10-05 00:02:44.533 [info] Got 1 sessions for ...
2025-10-05 00:02:44.533 [info] Getting sessions for all scopes...
2025-10-05 00:02:44.533 [info] Got 1 sessions for ...
2025-10-05 00:02:44.533 [info] Getting sessions for read:user,repo,user:email,workflow...
2025-10-05 00:02:44.533 [info] Got 0 sessions for read:user,repo,user:email,workflow...
2025-10-05 00:02:44.534 [info] Getting sessions for user:email...
2025-10-05 00:02:44.534 [info] Got 1 sessions for user:email...
2025-10-05 00:02:44.534 [info] Getting sessions for read:user,repo,user:email,workflow...
2025-10-05 00:02:44.534 [info] Got 0 sessions for read:user,repo,user:email,workflow...
2025-10-05 00:02:44.534 [info] Getting sessions for all scopes...
2025-10-05 00:02:44.534 [info] Got 1 sessions for ...
2025-10-05 00:02:44.535 [info] Getting sessions for read:user,repo,user:email,workflow...
2025-10-05 00:02:44.535 [info] Got 0 sessions for read:user,repo,user:email,workflow...
2025-10-05 00:02:44.535 [info] Getting sessions for user:email...
2025-10-05 00:02:44.535 [info] Got 1 sessions for user:email...
2025-10-05 00:02:44.578 [info] Getting sessions for all scopes...
2025-10-05 00:02:44.578 [info] Got 1 sessions for ...
2025-10-05 00:02:44.578 [info] Getting sessions for all scopes...
2025-10-05 00:02:44.578 [info] Got 1 sessions for ...
2025-10-05 00:02:44.578 [info] Getting sessions for read:user,repo,user:email,workflow...
2025-10-05 00:02:44.578 [info] Got 0 sessions for read:user,repo,user:email,workflow...
2025-10-05 00:02:44.579 [info] Getting sessions for user:email...
2025-10-05 00:02:44.579 [info] Got 1 sessions for user:email...
2025-10-05 00:02:44.579 [info] Getting sessions for read:user,repo,user:email,workflow...
2025-10-05 00:02:44.579 [info] Got 0 sessions for read:user,repo,user:email,workflow...
2025-10-05 00:02:44.582 [info] Getting sessions for all scopes...
2025-10-05 00:02:44.582 [info] Got 1 sessions for ...
2025-10-05 00:02:44.582 [info] Getting sessions for all scopes...
2025-10-05 00:02:44.582 [info] Got 1 sessions for ...
2025-10-05 00:02:44.582 [info] Getting sessions for all scopes...
2025-10-05 00:02:44.582 [info] Got 1 sessions for ...
2025-10-05 00:02:44.583 [info] Getting sessions for read:user,repo,user:email,workflow...
2025-10-05 00:02:44.583 [info] Got 0 sessions for read:user,repo,user:email,workflow...
2025-10-05 00:02:44.584 [info] Getting sessions for user:email...
2025-10-05 00:02:44.584 [info] Got 1 sessions for user:email...
2025-10-05 00:02:45.356 [info] Getting sessions for all scopes...
2025-10-05 00:02:45.356 [info] Got 1 sessions for ...
2025-10-05 00:02:45.357 [info] Getting sessions for read:user,repo,user:email,workflow...
2025-10-05 00:02:45.357 [info] Got 0 sessions for read:user,repo,user:email,workflow...
2025-10-05 00:02:45.358 [info] Getting sessions for user:email...
2025-10-05 00:02:45.358 [info] Got 1 sessions for user:email...
2025-10-05 00:02:45.363 [info] Getting sessions for all scopes...
2025-10-05 00:02:45.363 [info] Got 1 sessions for ...
2025-10-05 00:02:45.366 [info] Getting sessions for read:user,repo,user:email,workflow...
2025-10-05 00:02:45.366 [info] Got 0 sessions for read:user,repo,user:email,workflow...
2025-10-05 00:02:45.368 [info] Getting sessions for user:email...
2025-10-05 00:02:45.368 [info] Got 1 sessions for user:email...
2025-10-05 00:02:45.901 [info] Getting sessions for all scopes...
2025-10-05 00:02:45.901 [info] Got 1 sessions for ...
2025-10-05 00:02:46.495 [info] Getting sessions for all scopes...
2025-10-05 00:02:46.495 [info] Got 1 sessions for ...
2025-10-05 00:02:46.497 [info] Getting sessions for read:user,repo,user:email,workflow...
2025-10-05 00:02:46.497 [info] Got 0 sessions for read:user,repo,user:email,workflow...
2025-10-05 00:02:46.499 [info] Getting sessions for read:user,repo,user:email,workflow...
2025-10-05 00:02:46.499 [info] Got 0 sessions for read:user,repo,user:email,workflow...
2025-10-05 00:02:46.500 [info] Getting sessions for read:user...
2025-10-05 00:02:46.500 [info] Got 0 sessions for read:user...
2025-10-05 00:02:46.500 [info] Getting sessions for user:email...
2025-10-05 00:02:46.500 [info] Got 1 sessions for user:email...
2025-10-05 00:02:46.501 [info] Getting sessions for user:email...
2025-10-05 00:02:46.501 [info] Got 1 sessions for user:email...
2025-10-05 00:02:46.605 [info] Getting sessions for all scopes...
2025-10-05 00:02:46.605 [info] Got 1 sessions for ...
2025-10-05 00:02:46.605 [info] Getting sessions for read:user,repo,user:email,workflow...
2025-10-05 00:02:46.606 [info] Got 0 sessions for read:user,repo,user:email,workflow...
2025-10-05 00:02:46.606 [info] Getting sessions for user:email...
2025-10-05 00:02:46.606 [info] Got 1 sessions for user:email...
2025-10-05 00:02:48.496 [info] Getting sessions for all scopes...
2025-10-05 00:02:48.496 [info] Got 1 sessions for ...
2025-10-05 00:02:48.497 [info] Getting sessions for read:user,repo,user:email,workflow...
2025-10-05 00:02:48.497 [info] Got 0 sessions for read:user,repo,user:email,workflow...
2025-10-05 00:02:48.497 [info] Getting sessions for user:email...
2025-10-05 00:02:48.497 [info] Got 1 sessions for user:email...
2025-10-05 00:02:50.366 [info] Getting sessions for all scopes...
2025-10-05 00:02:50.366 [info] Got 1 sessions for ...
2025-10-05 00:02:50.367 [info] Getting sessions for read:user,repo,user:email,workflow...
2025-10-05 00:02:50.367 [info] Got 0 sessions for read:user,repo,user:email,workflow...
2025-10-05 00:02:50.368 [info] Getting sessions for user:email...
2025-10-05 00:02:50.368 [info] Got 1 sessions for user:email...
2025-10-05 00:02:50.971 [info] Getting sessions for all scopes...
2025-10-05 00:02:50.971 [info] Got 1 sessions for ...
2025-10-05 00:02:50.973 [info] Getting sessions for read:user,repo,user:email,workflow...
2025-10-05 00:02:50.973 [info] Got 0 sessions for read:user,repo,user:email,workflow...
2025-10-05 00:02:50.973 [info] Getting sessions for user:email...
2025-10-05 00:02:50.973 [info] Got 1 sessions for user:email...
2025-10-05 00:02:51.589 [info] Getting sessions for all scopes...
2025-10-05 00:02:51.589 [info] Got 1 sessions for ...
2025-10-05 00:02:51.591 [info] Getting sessions for read:user,repo,user:email,workflow...
2025-10-05 00:02:51.592 [info] Got 0 sessions for read:user,repo,user:email,workflow...
2025-10-05 00:02:51.593 [info] Getting sessions for user:email...
2025-10-05 00:02:51.593 [info] Got 1 sessions for user:email...
2025-10-05 00:22:11.500 [info] Getting sessions for all scopes...
2025-10-05 00:22:11.509 [info] Got 1 sessions for ...
2025-10-05 00:22:11.509 [info] Getting sessions for read:user,repo,user:email,workflow...
2025-10-05 00:22:11.509 [info] Got 0 sessions for read:user,repo,user:email,workflow...
2025-10-05 00:22:11.510 [info] Getting sessions for user:email...
2025-10-05 00:22:11.510 [info] Got 1 sessions for user:email...
2025-10-05 00:22:15.509 [info] Getting sessions for all scopes...
2025-10-05 00:22:15.509 [info] Got 1 sessions for ...
2025-10-05 00:22:15.510 [info] Getting sessions for read:user,repo,user:email,workflow...
2025-10-05 00:22:15.510 [info] Got 0 sessions for read:user,repo,user:email,workflow...
2025-10-05 00:22:15.510 [info] Getting sessions for user:email...
2025-10-05 00:22:15.510 [info] Got 1 sessions for user:email...
2025-10-05 00:24:36.865 [info] Getting sessions for all scopes...
2025-10-05 00:24:36.865 [info] Got 1 sessions for ...
2025-10-05 00:24:36.866 [info] Getting sessions for read:user,repo,user:email,workflow...
2025-10-05 00:24:36.866 [info] Got 0 sessions for read:user,repo,user:email,workflow...
2025-10-05 00:24:36.866 [info] Getting sessions for user:email...
2025-10-05 00:24:36.866 [info] Got 1 sessions for user:email...
2025-10-05 00:24:36.867 [info] Getting sessions for all scopes...
2025-10-05 00:24:36.867 [info] Got 1 sessions for ...
2025-10-05 00:24:36.867 [info] Getting sessions for read:user,repo,user:email,workflow...
2025-10-05 00:24:36.867 [info] Got 0 sessions for read:user,repo,user:email,workflow...
2025-10-05 00:24:36.867 [info] Getting sessions for user:email...
2025-10-05 00:24:36.867 [info] Got 1 sessions for user:email...
2025-10-05 00:24:39.819 [info] Getting sessions for all scopes...
2025-10-05 00:24:39.819 [info] Got 1 sessions for ...
2025-10-05 00:24:39.820 [info] Getting sessions for all scopes...
2025-10-05 00:24:39.820 [info] Got 1 sessions for ...
2025-10-05 00:24:39.832 [info] Getting sessions for read:user,repo,user:email,workflow...
2025-10-05 00:24:39.832 [info] Got 0 sessions for read:user,repo,user:email,workflow...
2025-10-05 00:24:39.833 [info] Getting sessions for user:email...
2025-10-05 00:24:39.833 [info] Got 1 sessions for user:email...
2025-10-05 00:24:39.833 [info] Getting sessions for read:user,repo,user:email,workflow...
2025-10-05 00:24:39.833 [info] Got 0 sessions for read:user,repo,user:email,workflow...
2025-10-05 00:24:39.833 [info] Getting sessions for all scopes...
2025-10-05 00:24:39.833 [info] Got 1 sessions for ...
2025-10-05 00:24:39.834 [info] Getting sessions for read:user,repo,user:email,workflow...
2025-10-05 00:24:39.834 [info] Got 0 sessions for read:user,repo,user:email,workflow...
2025-10-05 00:24:39.834 [info] Getting sessions for user:email...
2025-10-05 00:24:39.834 [info] Got 1 sessions for user:email...
2025-10-05 00:24:39.835 [info] Getting sessions for all scopes...
2025-10-05 00:24:39.835 [info] Got 1 sessions for ...
2025-10-05 00:24:39.835 [info] Getting sessions for all scopes...
2025-10-05 00:24:39.835 [info] Got 1 sessions for ...
2025-10-05 00:24:39.835 [info] Getting sessions for read:user,repo,user:email,workflow...
2025-10-05 00:24:39.835 [info] Got 0 sessions for read:user,repo,user:email,workflow...
2025-10-05 00:24:39.836 [info] Getting sessions for user:email...
2025-10-05 00:24:39.836 [info] Got 1 sessions for user:email...
2025-10-05 00:24:39.836 [info] Getting sessions for read:user,repo,user:email,workflow...
2025-10-05 00:24:39.836 [info] Got 0 sessions for read:user,repo,user:email,workflow...
2025-10-05 00:24:39.838 [info] Getting sessions for all scopes...
2025-10-05 00:24:39.838 [info] Got 1 sessions for ...
2025-10-05 00:24:39.839 [info] Getting sessions for read:user,repo,user:email,workflow...
2025-10-05 00:24:39.839 [info] Got 0 sessions for read:user,repo,user:email,workflow...
2025-10-05 00:24:39.839 [info] Getting sessions for user:email...
2025-10-05 00:24:39.839 [info] Got 1 sessions for user:email...
