[03/10/2025 17:28:28 - INFO] Discord Presence activated
[03/10/2025 17:28:28 - INFO] Creating discord-rpc client
[03/10/2025 17:28:28 - INFO] Successfully connected to Discord
[03/10/2025 17:28:28 - DEBUG] Loading git extension
[03/10/2025 17:28:28 - TRACE] Git extension not activated, activating...
[03/10/2025 17:28:28 - DEBUG] Loading git extension
[03/10/2025 17:28:28 - TRACE] Git extension not activated, activating...
[03/10/2025 18:42:00 - TRACE] VSCode language id: properties
[03/10/2025 18:54:11 - TRACE] VSCode language id: typescriptreact
[03/10/2025 18:56:10 - TRACE] VSCode language id: typescriptreact
[03/10/2025 18:56:12 - TRACE] VSCode language id: typescriptreact
[03/10/2025 18:59:03 - TRACE] VSCode language id: typescriptreact
[03/10/2025 18:59:05 - TRACE] VSCode language id: typescriptreact
[03/10/2025 18:59:07 - TRACE] VSCode language id: typescriptreact
[03/10/2025 18:59:09 - TRACE] VSCode language id: typescriptreact
[03/10/2025 18:59:43 - TRACE] VSCode language id: typescriptreact
[03/10/2025 18:59:45 - TRACE] VSCode language id: typescriptreact
[03/10/2025 18:59:55 - TRACE] VSCode language id: typescriptreact
[03/10/2025 18:59:57 - TRACE] VSCode language id: typescriptreact
[03/10/2025 19:01:59 - TRACE] VSCode language id: typescriptreact
[03/10/2025 19:02:01 - TRACE] VSCode language id: typescriptreact
[03/10/2025 19:11:15 - TRACE] VSCode language id: properties
[03/10/2025 19:12:26 - TRACE] VSCode language id: properties
[03/10/2025 19:12:28 - TRACE] VSCode language id: properties
[03/10/2025 19:12:30 - TRACE] VSCode language id: properties
[03/10/2025 19:12:33 - TRACE] VSCode language id: properties
[03/10/2025 19:12:35 - TRACE] VSCode language id: properties
