2025-10-21 00:11:18.640 [info] Reading sessions from keychain...
2025-10-21 00:11:18.640 [info] Got stored sessions!
2025-10-21 00:11:18.640 [info] Got 1 verified sessions.
2025-10-21 00:11:18.640 [info] Getting sessions for all scopes...
2025-10-21 00:11:18.640 [info] Got 1 sessions for ...
2025-10-21 00:11:18.640 [info] Getting sessions for all scopes...
2025-10-21 00:11:18.640 [info] Got 1 sessions for ...
2025-10-21 00:11:18.640 [info] Getting sessions for all scopes...
2025-10-21 00:11:18.640 [info] Got 1 sessions for ...
2025-10-21 00:11:18.640 [info] Getting sessions for all scopes...
2025-10-21 00:11:18.640 [info] Got 1 sessions for ...
2025-10-21 00:11:18.640 [info] Getting sessions for all scopes...
2025-10-21 00:11:18.640 [info] Got 1 sessions for ...
2025-10-21 00:11:18.640 [info] Getting sessions for all scopes...
2025-10-21 00:11:18.640 [info] Got 1 sessions for ...
2025-10-21 00:11:18.640 [info] Getting sessions for all scopes...
2025-10-21 00:11:18.640 [info] Got 1 sessions for ...
2025-10-21 00:11:18.640 [info] Getting sessions for all scopes...
2025-10-21 00:11:18.640 [info] Got 1 sessions for ...
2025-10-21 00:11:18.640 [info] Getting sessions for all scopes...
2025-10-21 00:11:18.640 [info] Got 1 sessions for ...
2025-10-21 00:11:18.661 [info] Getting sessions for all scopes...
2025-10-21 00:11:18.661 [info] Got 1 sessions for ...
2025-10-21 00:11:18.661 [info] Getting sessions for all scopes...
2025-10-21 00:11:18.661 [info] Got 1 sessions for ...
2025-10-21 00:11:18.661 [info] Getting sessions for all scopes...
2025-10-21 00:11:18.661 [info] Got 1 sessions for ...
2025-10-21 00:11:18.661 [info] Getting sessions for all scopes...
2025-10-21 00:11:18.661 [info] Got 1 sessions for ...
2025-10-21 00:11:18.661 [info] Getting sessions for all scopes...
2025-10-21 00:11:18.661 [info] Got 1 sessions for ...
2025-10-21 00:11:18.661 [info] Getting sessions for all scopes...
2025-10-21 00:11:18.661 [info] Got 1 sessions for ...
2025-10-21 00:11:19.005 [info] Getting sessions for user:email...
2025-10-21 00:11:19.006 [info] Got 1 sessions for user:email...
2025-10-21 00:11:19.007 [info] Getting sessions for all scopes...
2025-10-21 00:11:19.007 [info] Got 1 sessions for ...
2025-10-21 00:11:19.551 [info] Getting sessions for user:email...
2025-10-21 00:11:19.551 [info] Got 1 sessions for user:email...
2025-10-21 00:11:19.594 [info] Getting sessions for user:email...
2025-10-21 00:11:19.594 [info] Got 1 sessions for user:email...
2025-10-21 00:11:20.338 [info] fetching: Electron fetch failed with status: 429 
2025-10-21 00:11:20.555 [info] Getting sessions for all scopes...
2025-10-21 00:11:20.555 [info] Got 1 sessions for ...
2025-10-21 00:11:20.555 [info] Getting sessions for all scopes...
2025-10-21 00:11:20.555 [info] Got 1 sessions for ...
2025-10-21 00:11:20.559 [info] Getting sessions for all scopes...
2025-10-21 00:11:20.559 [info] Got 1 sessions for ...
2025-10-21 00:11:20.879 [info] fetching: Node fetch failed with status: 429 Too Many Requests
2025-10-21 00:11:21.415 [info] fetching: Node http/s failed with status: 429 Too Many Requests
2025-10-21 00:11:21.788 [info] Getting sessions for all scopes...
2025-10-21 00:11:21.788 [info] Got 1 sessions for ...
2025-10-21 00:11:21.858 [info] Getting sessions for all scopes...
2025-10-21 00:11:21.858 [info] Got 1 sessions for ...
2025-10-21 00:11:23.991 [info] Getting sessions for read:user,repo,user:email,workflow...
2025-10-21 00:11:23.991 [info] Got 0 sessions for read:user,repo,user:email,workflow...
2025-10-21 00:11:24.025 [info] Getting sessions for all scopes...
2025-10-21 00:11:24.025 [info] Got 1 sessions for ...
2025-10-21 00:11:24.025 [info] Getting sessions for all scopes...
2025-10-21 00:11:24.025 [info] Got 1 sessions for ...
2025-10-21 00:11:24.293 [info] Getting sessions for read:user,repo,user:email,workflow...
2025-10-21 00:11:24.293 [info] Got 0 sessions for read:user,repo,user:email,workflow...
2025-10-21 00:11:24.293 [info] Getting sessions for all scopes...
2025-10-21 00:11:24.293 [info] Got 1 sessions for ...
2025-10-21 00:11:24.297 [info] Getting sessions for all scopes...
2025-10-21 00:11:24.297 [info] Got 1 sessions for ...
2025-10-21 00:11:24.297 [info] Getting sessions for read:user,repo,user:email,workflow...
2025-10-21 00:11:24.297 [info] Got 0 sessions for read:user,repo,user:email,workflow...
2025-10-21 00:11:24.333 [info] Getting sessions for user:email...
2025-10-21 00:11:24.333 [info] Got 1 sessions for user:email...
2025-10-21 00:11:24.333 [info] Getting sessions for read:user,repo,user:email,workflow...
2025-10-21 00:11:24.333 [info] Got 0 sessions for read:user,repo,user:email,workflow...
2025-10-21 00:11:24.358 [info] Getting sessions for read:user...
2025-10-21 00:11:24.358 [info] Got 0 sessions for read:user...
2025-10-21 00:11:24.358 [info] Getting sessions for all scopes...
2025-10-21 00:11:24.358 [info] Got 1 sessions for ...
2025-10-21 00:11:24.359 [info] Getting sessions for user:email...
2025-10-21 00:11:24.359 [info] Got 1 sessions for user:email...
2025-10-21 00:11:24.361 [info] Getting sessions for read:user,repo,user:email,workflow...
2025-10-21 00:11:24.361 [info] Got 0 sessions for read:user,repo,user:email,workflow...
2025-10-21 00:11:24.362 [info] Getting sessions for user:email...
2025-10-21 00:11:24.362 [info] Got 1 sessions for user:email...
2025-10-21 00:11:24.461 [info] Getting sessions for all scopes...
2025-10-21 00:11:24.461 [info] Got 1 sessions for ...
2025-10-21 00:11:24.461 [info] Getting sessions for all scopes...
2025-10-21 00:11:24.461 [info] Got 1 sessions for ...
2025-10-21 00:11:24.467 [info] Getting sessions for read:user,repo,user:email,workflow...
2025-10-21 00:11:24.467 [info] Got 0 sessions for read:user,repo,user:email,workflow...
2025-10-21 00:11:24.467 [info] Getting sessions for user:email...
2025-10-21 00:11:24.467 [info] Got 1 sessions for user:email...
2025-10-21 00:11:24.940 [info] Getting sessions for all scopes...
2025-10-21 00:11:24.940 [info] Got 1 sessions for ...
2025-10-21 00:11:24.940 [info] Getting sessions for all scopes...
2025-10-21 00:11:24.940 [info] Got 1 sessions for ...
2025-10-21 00:11:24.940 [info] Getting sessions for read:user,repo,user:email,workflow...
2025-10-21 00:11:24.940 [info] Got 0 sessions for read:user,repo,user:email,workflow...
2025-10-21 00:11:24.941 [info] Getting sessions for user:email...
2025-10-21 00:11:24.941 [info] Got 1 sessions for user:email...
2025-10-21 00:11:24.941 [info] Getting sessions for read:user,repo,user:email,workflow...
2025-10-21 00:11:24.941 [info] Got 0 sessions for read:user,repo,user:email,workflow...
2025-10-21 00:11:24.941 [info] Getting sessions for all scopes...
2025-10-21 00:11:24.941 [info] Got 1 sessions for ...
2025-10-21 00:11:24.941 [info] Getting sessions for read:user,repo,user:email,workflow...
2025-10-21 00:11:24.941 [info] Got 0 sessions for read:user,repo,user:email,workflow...
2025-10-21 00:11:24.942 [info] Getting sessions for user:email...
2025-10-21 00:11:24.942 [info] Got 1 sessions for user:email...
2025-10-21 00:11:25.184 [info] Getting sessions for all scopes...
2025-10-21 00:11:25.184 [info] Got 1 sessions for ...
2025-10-21 00:11:25.184 [info] Getting sessions for all scopes...
2025-10-21 00:11:25.184 [info] Got 1 sessions for ...
2025-10-21 00:11:25.192 [info] Getting sessions for read:user,repo,user:email,workflow...
2025-10-21 00:11:25.192 [info] Got 0 sessions for read:user,repo,user:email,workflow...
2025-10-21 00:11:25.192 [info] Getting sessions for user:email...
2025-10-21 00:11:25.192 [info] Got 1 sessions for user:email...
2025-10-21 00:11:25.192 [info] Getting sessions for read:user,repo,user:email,workflow...
2025-10-21 00:11:25.192 [info] Got 0 sessions for read:user,repo,user:email,workflow...
2025-10-21 00:11:25.193 [info] Getting sessions for all scopes...
2025-10-21 00:11:25.193 [info] Got 1 sessions for ...
2025-10-21 00:11:25.194 [info] Getting sessions for read:user,repo,user:email,workflow...
2025-10-21 00:11:25.194 [info] Got 0 sessions for read:user,repo,user:email,workflow...
2025-10-21 00:11:25.194 [info] Getting sessions for user:email...
2025-10-21 00:11:25.194 [info] Got 1 sessions for user:email...
2025-10-21 00:11:25.241 [info] Getting sessions for all scopes...
2025-10-21 00:11:25.241 [info] Got 1 sessions for ...
2025-10-21 00:11:25.241 [info] Getting sessions for all scopes...
2025-10-21 00:11:25.241 [info] Got 1 sessions for ...
2025-10-21 00:11:25.243 [info] Getting sessions for read:user,repo,user:email,workflow...
2025-10-21 00:11:25.243 [info] Got 0 sessions for read:user,repo,user:email,workflow...
2025-10-21 00:11:25.243 [info] Getting sessions for user:email...
2025-10-21 00:11:25.243 [info] Got 1 sessions for user:email...
2025-10-21 00:11:25.243 [info] Getting sessions for read:user,repo,user:email,workflow...
2025-10-21 00:11:25.243 [info] Got 0 sessions for read:user,repo,user:email,workflow...
2025-10-21 00:11:25.246 [info] Getting sessions for all scopes...
2025-10-21 00:11:25.246 [info] Got 1 sessions for ...
2025-10-21 00:11:25.246 [info] Getting sessions for all scopes...
2025-10-21 00:11:25.246 [info] Got 1 sessions for ...
2025-10-21 00:11:25.246 [info] Getting sessions for all scopes...
2025-10-21 00:11:25.246 [info] Got 1 sessions for ...
2025-10-21 00:11:25.247 [info] Getting sessions for read:user,repo,user:email,workflow...
2025-10-21 00:11:25.247 [info] Got 0 sessions for read:user,repo,user:email,workflow...
2025-10-21 00:11:25.247 [info] Getting sessions for user:email...
2025-10-21 00:11:25.247 [info] Got 1 sessions for user:email...
2025-10-21 00:11:25.993 [info] Getting sessions for all scopes...
2025-10-21 00:11:25.993 [info] Got 1 sessions for ...
2025-10-21 00:11:25.994 [info] Getting sessions for read:user,repo,user:email,workflow...
2025-10-21 00:11:25.994 [info] Got 0 sessions for read:user,repo,user:email,workflow...
2025-10-21 00:11:25.995 [info] Getting sessions for user:email...
2025-10-21 00:11:25.995 [info] Got 1 sessions for user:email...
2025-10-21 00:11:25.995 [info] Getting sessions for all scopes...
2025-10-21 00:11:25.995 [info] Got 1 sessions for ...
2025-10-21 00:11:25.995 [info] Getting sessions for read:user,repo,user:email,workflow...
2025-10-21 00:11:25.995 [info] Got 0 sessions for read:user,repo,user:email,workflow...
2025-10-21 00:11:25.996 [info] Getting sessions for user:email...
2025-10-21 00:11:25.996 [info] Got 1 sessions for user:email...
2025-10-21 00:11:26.489 [info] Getting sessions for all scopes...
2025-10-21 00:11:26.489 [info] Got 1 sessions for ...
2025-10-21 00:11:30.996 [info] Getting sessions for all scopes...
2025-10-21 00:11:30.996 [info] Got 1 sessions for ...
2025-10-21 00:11:30.996 [info] Getting sessions for read:user,repo,user:email,workflow...
2025-10-21 00:11:30.996 [info] Got 0 sessions for read:user,repo,user:email,workflow...
2025-10-21 00:11:30.997 [info] Getting sessions for user:email...
2025-10-21 00:11:30.997 [info] Got 1 sessions for user:email...
2025-10-21 00:11:31.603 [info] Getting sessions for all scopes...
2025-10-21 00:11:31.603 [info] Got 1 sessions for ...
2025-10-21 00:11:31.604 [info] Getting sessions for read:user,repo,user:email,workflow...
2025-10-21 00:11:31.604 [info] Got 0 sessions for read:user,repo,user:email,workflow...
2025-10-21 00:11:31.605 [info] Getting sessions for user:email...
2025-10-21 00:11:31.605 [info] Got 1 sessions for user:email...
2025-10-21 00:11:32.239 [info] Getting sessions for all scopes...
2025-10-21 00:11:32.239 [info] Got 1 sessions for ...
2025-10-21 00:11:32.240 [info] Getting sessions for read:user,repo,user:email,workflow...
2025-10-21 00:11:32.240 [info] Got 0 sessions for read:user,repo,user:email,workflow...
2025-10-21 00:11:32.241 [info] Getting sessions for user:email...
2025-10-21 00:11:32.242 [info] Got 1 sessions for user:email...
2025-10-21 00:12:09.504 [info] Logging in with 'any' account...
2025-10-21 00:12:09.504 [info] Logging in for the following scopes: user:email
2025-10-21 00:12:09.506 [info] Trying with local server... (user:email)
2025-10-21 00:12:15.192 [info] Exchanging code for token...
2025-10-21 00:12:15.833 [info] Token exchange success!
2025-10-21 00:12:15.836 [info] Getting user info...
2025-10-21 00:12:16.322 [info] Got account info!
2025-10-21 00:12:16.322 [info] Storing 1 sessions...
2025-10-21 00:12:16.326 [info] Reading sessions from keychain...
2025-10-21 00:12:16.327 [info] Stored 1 sessions!
2025-10-21 00:12:16.327 [info] Login success!
2025-10-21 00:12:16.328 [info] Getting sessions for all scopes...
2025-10-21 00:12:16.331 [info] Got stored sessions!
2025-10-21 00:12:16.331 [info] Got 1 verified sessions.
2025-10-21 00:12:16.332 [info] Got 1 sessions for ...
2025-10-21 00:12:16.332 [info] Getting sessions for user:email...
2025-10-21 00:12:16.332 [info] Got 1 sessions for user:email...
2025-10-21 00:12:16.332 [info] Getting sessions for user:email...
2025-10-21 00:12:16.332 [info] Got 1 sessions for user:email...
2025-10-21 00:12:16.333 [info] Getting sessions for all scopes...
2025-10-21 00:12:16.333 [info] Got 1 sessions for ...
2025-10-21 00:12:16.334 [info] Getting sessions for all scopes...
2025-10-21 00:12:16.334 [info] Got 1 sessions for ...
2025-10-21 00:12:16.334 [info] Getting sessions for all scopes...
2025-10-21 00:12:16.334 [info] Got 1 sessions for ...
2025-10-21 00:12:16.335 [info] Getting sessions for read:user,repo,user:email,workflow...
2025-10-21 00:12:16.336 [info] Got 0 sessions for read:user,repo,user:email,workflow...
2025-10-21 00:12:16.336 [info] Getting sessions for read:user,repo,user:email,workflow...
2025-10-21 00:12:16.336 [info] Got 0 sessions for read:user,repo,user:email,workflow...
2025-10-21 00:12:16.338 [info] Getting sessions for read:user,repo,user:email,workflow...
2025-10-21 00:12:16.338 [info] Got 0 sessions for read:user,repo,user:email,workflow...
2025-10-21 00:12:16.338 [info] Getting sessions for read:user...
2025-10-21 00:12:16.338 [info] Got 0 sessions for read:user...
2025-10-21 00:12:16.340 [info] Getting sessions for user:email...
2025-10-21 00:12:16.340 [info] Got 1 sessions for user:email...
2025-10-21 00:12:16.340 [info] Getting sessions for read:user,repo,user:email,workflow...
2025-10-21 00:12:16.340 [info] Got 0 sessions for read:user,repo,user:email,workflow...
2025-10-21 00:12:16.341 [info] Getting sessions for user:email...
2025-10-21 00:12:16.341 [info] Got 1 sessions for user:email...
2025-10-21 00:12:16.352 [info] Getting sessions for all scopes...
2025-10-21 00:12:16.352 [info] Got 1 sessions for ...
2025-10-21 00:12:16.354 [info] Getting sessions for read:user,repo,user:email,workflow...
2025-10-21 00:12:16.354 [info] Got 0 sessions for read:user,repo,user:email,workflow...
2025-10-21 00:12:16.355 [info] Getting sessions for user:email...
2025-10-21 00:12:16.355 [info] Got 1 sessions for user:email...
2025-10-21 00:12:16.356 [info] Getting sessions for all scopes...
2025-10-21 00:12:16.356 [info] Got 1 sessions for ...
2025-10-21 00:12:16.357 [info] Getting sessions for read:user,repo,user:email,workflow...
2025-10-21 00:12:16.357 [info] Got 0 sessions for read:user,repo,user:email,workflow...
2025-10-21 00:12:16.358 [info] Getting sessions for user:email...
2025-10-21 00:12:16.358 [info] Got 1 sessions for user:email...
2025-10-21 00:12:16.815 [info] Getting sessions for all scopes...
2025-10-21 00:12:16.815 [info] Got 1 sessions for ...
2025-10-21 00:12:16.815 [info] Getting sessions for all scopes...
2025-10-21 00:12:16.815 [info] Got 1 sessions for ...
2025-10-21 00:12:16.816 [info] Getting sessions for read:user,repo,user:email,workflow...
2025-10-21 00:12:16.816 [info] Got 0 sessions for read:user,repo,user:email,workflow...
2025-10-21 00:12:16.816 [info] Getting sessions for user:email...
2025-10-21 00:12:16.816 [info] Got 1 sessions for user:email...
2025-10-21 00:12:16.816 [info] Getting sessions for read:user,repo,user:email,workflow...
2025-10-21 00:12:16.816 [info] Got 0 sessions for read:user,repo,user:email,workflow...
2025-10-21 00:12:16.817 [info] Getting sessions for all scopes...
2025-10-21 00:12:16.817 [info] Got 1 sessions for ...
2025-10-21 00:12:16.817 [info] Getting sessions for read:user,repo,user:email,workflow...
2025-10-21 00:12:16.817 [info] Got 0 sessions for read:user,repo,user:email,workflow...
2025-10-21 00:12:16.818 [info] Getting sessions for user:email...
2025-10-21 00:12:16.818 [info] Got 1 sessions for user:email...
2025-10-21 00:12:16.819 [info] Getting sessions for all scopes...
2025-10-21 00:12:16.819 [info] Got 1 sessions for ...
2025-10-21 00:12:16.819 [info] Getting sessions for all scopes...
2025-10-21 00:12:16.819 [info] Got 1 sessions for ...
2025-10-21 00:12:16.819 [info] Getting sessions for read:user,repo,user:email,workflow...
2025-10-21 00:12:16.819 [info] Got 0 sessions for read:user,repo,user:email,workflow...
2025-10-21 00:12:16.819 [info] Getting sessions for user:email...
2025-10-21 00:12:16.820 [info] Got 1 sessions for user:email...
2025-10-21 00:12:16.820 [info] Getting sessions for read:user,repo,user:email,workflow...
2025-10-21 00:12:16.820 [info] Got 0 sessions for read:user,repo,user:email,workflow...
2025-10-21 00:12:16.821 [info] Getting sessions for all scopes...
2025-10-21 00:12:16.821 [info] Got 1 sessions for ...
2025-10-21 00:12:16.822 [info] Getting sessions for read:user,repo,user:email,workflow...
2025-10-21 00:12:16.822 [info] Got 0 sessions for read:user,repo,user:email,workflow...
2025-10-21 00:12:16.822 [info] Getting sessions for user:email...
2025-10-21 00:12:16.822 [info] Got 1 sessions for user:email...
