2025-10-04 20:58:41.318 [info] Reading sessions from keychain...
2025-10-04 20:58:41.318 [info] Getting sessions for all scopes...
2025-10-04 20:58:41.354 [info] Got 0 sessions for ...
2025-10-04 20:58:41.355 [info] Getting sessions for all scopes...
2025-10-04 20:58:41.355 [info] Got 0 sessions for ...
2025-10-04 20:58:41.381 [info] Getting sessions for all scopes...
2025-10-04 20:58:41.381 [info] Got 0 sessions for ...
2025-10-04 20:58:41.417 [info] Getting sessions for all scopes...
2025-10-04 20:58:41.417 [info] Got 0 sessions for ...
2025-10-04 20:58:41.417 [info] Getting sessions for all scopes...
2025-10-04 20:58:41.417 [info] Got 0 sessions for ...
2025-10-04 20:58:41.417 [info] Getting sessions for all scopes...
2025-10-04 20:58:41.417 [info] Got 0 sessions for ...
2025-10-04 20:58:41.417 [info] Getting sessions for all scopes...
2025-10-04 20:58:41.418 [info] Got 0 sessions for ...
2025-10-04 20:58:41.418 [info] Getting sessions for all scopes...
2025-10-04 20:58:41.418 [info] Got 0 sessions for ...
2025-10-04 20:58:41.434 [info] Getting sessions for all scopes...
2025-10-04 20:58:41.434 [info] Got 0 sessions for ...
2025-10-04 20:58:41.436 [info] Getting sessions for all scopes...
2025-10-04 20:58:41.436 [info] Got 0 sessions for ...
2025-10-04 20:58:41.436 [info] Getting sessions for all scopes...
2025-10-04 20:58:41.436 [info] Got 0 sessions for ...
2025-10-04 20:58:41.436 [info] Getting sessions for all scopes...
2025-10-04 20:58:41.436 [info] Got 0 sessions for ...
2025-10-04 20:58:41.436 [info] Getting sessions for all scopes...
2025-10-04 20:58:41.436 [info] Got 0 sessions for ...
2025-10-04 20:58:42.062 [info] Getting sessions for all scopes...
2025-10-04 20:58:42.062 [info] Got 0 sessions for ...
2025-10-04 20:58:42.082 [info] Getting sessions for user:email...
2025-10-04 20:58:42.083 [info] Got 0 sessions for user:email...
2025-10-04 20:58:42.085 [info] Getting sessions for all scopes...
2025-10-04 20:58:42.085 [info] Got 0 sessions for ...
2025-10-04 20:58:42.899 [info] Getting sessions for all scopes...
2025-10-04 20:58:42.899 [info] Got 0 sessions for ...
2025-10-04 20:58:42.900 [info] Getting sessions for all scopes...
2025-10-04 20:58:42.900 [info] Got 0 sessions for ...
2025-10-04 20:58:42.909 [info] Getting sessions for all scopes...
2025-10-04 20:58:42.909 [info] Got 0 sessions for ...
