2025-10-03 17:28:28.718 [info] Reading sessions from keychain...
2025-10-03 17:28:28.718 [info] Getting sessions for all scopes...
2025-10-03 17:28:28.718 [info] Got 0 sessions for ...
2025-10-03 17:28:28.718 [info] Getting sessions for all scopes...
2025-10-03 17:28:28.718 [info] Got 0 sessions for ...
2025-10-03 17:28:28.718 [info] Getting sessions for all scopes...
2025-10-03 17:28:28.718 [info] Got 0 sessions for ...
2025-10-03 17:28:28.718 [info] Getting sessions for all scopes...
2025-10-03 17:28:28.718 [info] Got 0 sessions for ...
2025-10-03 17:28:28.718 [info] Getting sessions for all scopes...
2025-10-03 17:28:28.718 [info] Got 0 sessions for ...
2025-10-03 17:28:28.718 [info] Getting sessions for all scopes...
2025-10-03 17:28:28.719 [info] Got 0 sessions for ...
2025-10-03 17:28:28.719 [info] Getting sessions for all scopes...
2025-10-03 17:28:28.719 [info] Got 0 sessions for ...
2025-10-03 17:28:28.719 [info] Getting sessions for all scopes...
2025-10-03 17:28:28.719 [info] Got 0 sessions for ...
2025-10-03 17:28:28.719 [info] Getting sessions for all scopes...
2025-10-03 17:28:28.719 [info] Got 0 sessions for ...
2025-10-03 17:28:28.719 [info] Getting sessions for all scopes...
2025-10-03 17:28:28.719 [info] Got 0 sessions for ...
2025-10-03 17:28:28.719 [info] Getting sessions for all scopes...
2025-10-03 17:28:28.719 [info] Got 0 sessions for ...
2025-10-03 17:28:28.719 [info] Getting sessions for all scopes...
2025-10-03 17:28:28.719 [info] Got 0 sessions for ...
2025-10-03 17:28:28.719 [info] Getting sessions for all scopes...
2025-10-03 17:28:28.719 [info] Got 0 sessions for ...
2025-10-03 17:28:28.719 [info] Getting sessions for all scopes...
2025-10-03 17:28:28.719 [info] Got 0 sessions for ...
2025-10-03 17:28:28.719 [info] Getting sessions for all scopes...
2025-10-03 17:28:28.719 [info] Got 0 sessions for ...
2025-10-03 17:28:28.776 [info] Getting sessions for user:email...
2025-10-03 17:28:28.776 [info] Got 0 sessions for user:email...
2025-10-03 17:28:30.972 [info] Getting sessions for all scopes...
2025-10-03 17:28:30.972 [info] Got 0 sessions for ...
2025-10-03 17:28:31.030 [info] Getting sessions for all scopes...
2025-10-03 17:28:31.030 [info] Got 0 sessions for ...
2025-10-03 17:28:31.031 [info] Getting sessions for all scopes...
2025-10-03 17:28:31.031 [info] Got 0 sessions for ...
2025-10-03 17:28:31.031 [info] Getting sessions for all scopes...
2025-10-03 17:28:31.031 [info] Got 0 sessions for ...
2025-10-03 17:28:31.153 [info] Getting sessions for all scopes...
2025-10-03 17:28:31.153 [info] Got 0 sessions for ...
2025-10-03 17:28:31.154 [info] Getting sessions for all scopes...
2025-10-03 17:28:31.154 [info] Got 0 sessions for ...
2025-10-03 17:28:31.595 [info] Getting sessions for all scopes...
2025-10-03 17:28:31.595 [info] Got 0 sessions for ...
2025-10-03 17:28:31.601 [info] Getting sessions for user:email...
2025-10-03 17:28:31.601 [info] Got 0 sessions for user:email...
2025-10-03 17:28:31.601 [info] Getting sessions for read:user,repo,user:email,workflow...
2025-10-03 17:28:31.601 [info] Got 0 sessions for read:user,repo,user:email,workflow...
2025-10-03 17:28:31.602 [info] Getting sessions for all scopes...
2025-10-03 17:28:31.602 [info] Got 0 sessions for ...
2025-10-03 17:28:31.602 [info] Getting sessions for read:user,repo,user:email,workflow...
2025-10-03 17:28:31.602 [info] Got 0 sessions for read:user,repo,user:email,workflow...
2025-10-03 17:28:31.638 [info] Getting sessions for user:email...
2025-10-03 17:28:31.638 [info] Got 0 sessions for user:email...
2025-10-03 17:28:31.639 [info] Getting sessions for all scopes...
2025-10-03 17:28:31.639 [info] Got 0 sessions for ...
2025-10-03 17:28:31.640 [info] Getting sessions for read:user...
2025-10-03 17:28:31.640 [info] Got 0 sessions for read:user...
2025-10-03 17:28:31.651 [info] Getting sessions for user:email...
2025-10-03 17:28:31.651 [info] Got 0 sessions for user:email...
2025-10-03 17:28:31.655 [info] Getting sessions for user:email...
2025-10-03 17:28:31.655 [info] Got 0 sessions for user:email...
2025-10-03 17:28:31.668 [info] Getting sessions for all scopes...
2025-10-03 17:28:31.668 [info] Got 0 sessions for ...
2025-10-03 17:28:31.740 [info] Getting sessions for user:email...
2025-10-03 17:28:31.741 [info] Got 0 sessions for user:email...
2025-10-03 17:28:31.751 [info] Getting sessions for all scopes...
2025-10-03 17:28:31.751 [info] Got 0 sessions for ...
2025-10-03 17:28:31.772 [info] Getting sessions for user:email...
2025-10-03 17:28:31.772 [info] Got 0 sessions for user:email...
2025-10-03 17:28:31.950 [info] Getting sessions for all scopes...
2025-10-03 17:28:31.951 [info] Got 0 sessions for ...
2025-10-03 17:28:31.953 [info] Getting sessions for user:email...
2025-10-03 17:28:31.953 [info] Got 0 sessions for user:email...
2025-10-03 17:28:31.953 [info] Getting sessions for all scopes...
2025-10-03 17:28:31.953 [info] Got 0 sessions for ...
2025-10-03 17:28:31.953 [info] Getting sessions for all scopes...
2025-10-03 17:28:31.953 [info] Got 0 sessions for ...
2025-10-03 17:28:31.954 [info] Getting sessions for user:email...
2025-10-03 17:28:31.954 [info] Got 0 sessions for user:email...
