[02/10/2025 13:12:03 - INFO] Discord Presence activated
[02/10/2025 13:12:03 - INFO] Creating discord-rpc client
[02/10/2025 13:12:03 - INFO] Successfully connected to Discord
[02/10/2025 13:12:03 - DEBUG] Loading git extension
[02/10/2025 13:12:03 - TRACE] Git extension not activated, activating...
[02/10/2025 13:12:03 - DEBUG] Loading git extension
[02/10/2025 13:12:03 - TRACE] Git extension not activated, activating...
[02/10/2025 13:12:03 - TRACE] VSCode language id: properties
[02/10/2025 13:12:08 - TRACE] VSCode language id: properties
[02/10/2025 13:12:14 - TRACE] VSCode language id: properties
[02/10/2025 13:12:16 - TRACE] VSCode language id: properties
[02/10/2025 13:12:21 - TRACE] VSCode language id: properties
[02/10/2025 13:12:23 - TRACE] VSCode language id: properties
[02/10/2025 13:12:25 - TRACE] VSCode language id: properties
[02/10/2025 13:12:33 - TRACE] VSCode language id: properties
[02/10/2025 13:12:35 - TRACE] VSCode language id: properties
[02/10/2025 13:12:39 - TRACE] VSCode language id: properties
[02/10/2025 13:12:41 - TRACE] VSCode language id: properties
[02/10/2025 13:12:43 - TRACE] VSCode language id: properties
[02/10/2025 13:15:15 - TRACE] VSCode language id: properties
[02/10/2025 13:15:17 - TRACE] VSCode language id: properties
[02/10/2025 13:15:40 - TRACE] VSCode language id: properties
[02/10/2025 13:15:42 - TRACE] VSCode language id: properties
[02/10/2025 13:16:55 - TRACE] VSCode language id: properties
[02/10/2025 13:16:57 - TRACE] VSCode language id: properties
[02/10/2025 13:17:00 - TRACE] VSCode language id: properties
[02/10/2025 13:17:04 - TRACE] VSCode language id: properties
[02/10/2025 13:17:06 - TRACE] VSCode language id: properties
[02/10/2025 13:17:13 - TRACE] VSCode language id: properties
[02/10/2025 13:17:15 - TRACE] VSCode language id: properties
[02/10/2025 13:18:13 - TRACE] VSCode language id: properties
[02/10/2025 13:18:15 - TRACE] VSCode language id: properties
[02/10/2025 13:18:17 - TRACE] VSCode language id: properties
[02/10/2025 13:18:19 - TRACE] VSCode language id: properties
[02/10/2025 13:18:22 - TRACE] VSCode language id: properties
[02/10/2025 13:18:24 - TRACE] VSCode language id: properties
[02/10/2025 13:18:26 - TRACE] VSCode language id: properties
[02/10/2025 13:18:29 - TRACE] VSCode language id: properties
[02/10/2025 13:18:31 - TRACE] VSCode language id: properties
[02/10/2025 13:18:33 - TRACE] VSCode language id: properties
[02/10/2025 13:18:37 - TRACE] VSCode language id: properties
[02/10/2025 13:18:39 - TRACE] VSCode language id: properties
[02/10/2025 13:18:41 - TRACE] VSCode language id: properties
[02/10/2025 13:18:57 - TRACE] VSCode language id: properties
[02/10/2025 13:18:59 - TRACE] VSCode language id: properties
[02/10/2025 13:19:11 - TRACE] VSCode language id: properties
[02/10/2025 13:19:13 - TRACE] VSCode language id: properties
[02/10/2025 13:19:18 - TRACE] VSCode language id: properties
[02/10/2025 13:19:20 - TRACE] VSCode language id: properties
[02/10/2025 13:19:26 - TRACE] VSCode language id: properties
[02/10/2025 13:19:28 - TRACE] VSCode language id: properties
[02/10/2025 13:22:43 - TRACE] VSCode language id: properties
[02/10/2025 13:22:45 - TRACE] VSCode language id: properties
[02/10/2025 13:22:48 - TRACE] VSCode language id: properties
[02/10/2025 13:22:50 - TRACE] VSCode language id: properties
[02/10/2025 13:22:53 - TRACE] VSCode language id: properties
[02/10/2025 13:22:55 - TRACE] VSCode language id: properties
[02/10/2025 13:24:25 - TRACE] VSCode language id: properties
[02/10/2025 13:24:27 - TRACE] VSCode language id: properties
[02/10/2025 13:24:30 - TRACE] VSCode language id: properties
[02/10/2025 13:24:37 - TRACE] VSCode language id: properties
[02/10/2025 13:24:39 - TRACE] VSCode language id: properties
[02/10/2025 13:24:42 - TRACE] VSCode language id: properties
[02/10/2025 13:24:42 - TRACE] VSCode language id: properties
[02/10/2025 13:24:44 - TRACE] VSCode language id: properties
[02/10/2025 13:24:47 - TRACE] VSCode language id: properties
[02/10/2025 13:24:59 - TRACE] VSCode language id: properties
[02/10/2025 13:25:01 - TRACE] VSCode language id: properties
[02/10/2025 13:25:08 - TRACE] VSCode language id: properties
[02/10/2025 13:25:10 - TRACE] VSCode language id: properties
[02/10/2025 13:25:11 - TRACE] VSCode language id: properties
[02/10/2025 13:25:13 - TRACE] VSCode language id: properties
[02/10/2025 13:26:49 - TRACE] VSCode language id: properties
[02/10/2025 13:26:51 - TRACE] VSCode language id: properties
[02/10/2025 13:26:53 - TRACE] VSCode language id: properties
[02/10/2025 13:26:55 - TRACE] VSCode language id: properties
[02/10/2025 13:27:46 - TRACE] VSCode language id: properties
[02/10/2025 13:29:13 - TRACE] VSCode language id: properties
[02/10/2025 13:29:15 - TRACE] VSCode language id: properties
[02/10/2025 13:29:24 - TRACE] VSCode language id: properties
[02/10/2025 13:29:26 - TRACE] VSCode language id: properties
[02/10/2025 13:29:28 - TRACE] VSCode language id: properties
[02/10/2025 13:29:31 - TRACE] VSCode language id: properties
[02/10/2025 13:29:37 - TRACE] VSCode language id: properties
[02/10/2025 13:29:39 - TRACE] VSCode language id: properties
[02/10/2025 13:29:48 - TRACE] VSCode language id: properties
[02/10/2025 13:29:50 - TRACE] VSCode language id: properties
[02/10/2025 13:29:52 - TRACE] VSCode language id: properties
[02/10/2025 13:30:29 - TRACE] VSCode language id: properties
[02/10/2025 13:30:31 - TRACE] VSCode language id: properties
[02/10/2025 13:30:57 - TRACE] VSCode language id: properties
[02/10/2025 13:30:59 - TRACE] VSCode language id: properties
[02/10/2025 13:31:03 - TRACE] VSCode language id: properties
[02/10/2025 13:31:05 - TRACE] VSCode language id: properties
[02/10/2025 13:31:26 - TRACE] VSCode language id: properties
[02/10/2025 13:31:28 - TRACE] VSCode language id: properties
[02/10/2025 13:31:30 - TRACE] VSCode language id: properties
[02/10/2025 13:31:32 - TRACE] VSCode language id: properties
[02/10/2025 13:31:34 - TRACE] VSCode language id: properties
[02/10/2025 13:31:40 - TRACE] VSCode language id: properties
[02/10/2025 13:31:42 - TRACE] VSCode language id: properties
[02/10/2025 13:31:44 - TRACE] VSCode language id: properties
[02/10/2025 13:31:46 - TRACE] VSCode language id: properties
[02/10/2025 13:31:48 - TRACE] VSCode language id: properties
[02/10/2025 13:31:51 - TRACE] VSCode language id: properties
[02/10/2025 13:32:23 - TRACE] VSCode language id: properties
[02/10/2025 13:32:25 - TRACE] VSCode language id: properties
[02/10/2025 13:32:27 - TRACE] VSCode language id: properties
[02/10/2025 13:32:29 - TRACE] VSCode language id: properties
[02/10/2025 13:32:31 - TRACE] VSCode language id: properties
[02/10/2025 13:32:33 - TRACE] VSCode language id: properties
[02/10/2025 13:32:37 - TRACE] VSCode language id: properties
[02/10/2025 13:32:39 - TRACE] VSCode language id: properties
[02/10/2025 13:32:41 - TRACE] VSCode language id: properties
[02/10/2025 13:35:13 - TRACE] VSCode language id: properties
[02/10/2025 13:35:15 - TRACE] VSCode language id: properties
[02/10/2025 13:35:17 - TRACE] VSCode language id: properties
[02/10/2025 13:35:19 - TRACE] VSCode language id: properties
[02/10/2025 13:35:22 - TRACE] VSCode language id: properties
[02/10/2025 13:36:05 - TRACE] VSCode language id: properties
[02/10/2025 13:36:07 - TRACE] VSCode language id: properties
[02/10/2025 13:36:09 - TRACE] VSCode language id: properties
[02/10/2025 13:36:14 - TRACE] VSCode language id: properties
[02/10/2025 13:36:16 - TRACE] VSCode language id: properties
[02/10/2025 13:37:01 - TRACE] VSCode language id: properties
[02/10/2025 13:37:03 - TRACE] VSCode language id: properties
[02/10/2025 13:37:06 - TRACE] VSCode language id: properties
[02/10/2025 13:37:08 - TRACE] VSCode language id: properties
[02/10/2025 13:37:12 - TRACE] VSCode language id: properties
[02/10/2025 13:37:14 - TRACE] VSCode language id: properties
[02/10/2025 13:37:17 - TRACE] VSCode language id: properties
[02/10/2025 13:37:19 - TRACE] VSCode language id: properties
[02/10/2025 13:37:21 - TRACE] VSCode language id: properties
[02/10/2025 13:37:28 - TRACE] VSCode language id: properties
[02/10/2025 13:37:30 - TRACE] VSCode language id: properties
[02/10/2025 13:37:32 - TRACE] VSCode language id: properties
[02/10/2025 13:37:34 - TRACE] VSCode language id: properties
[02/10/2025 13:37:37 - TRACE] VSCode language id: properties
[02/10/2025 13:37:39 - TRACE] VSCode language id: properties
[02/10/2025 13:37:44 - TRACE] VSCode language id: properties
[02/10/2025 13:37:46 - TRACE] VSCode language id: properties
[02/10/2025 13:38:18 - TRACE] VSCode language id: properties
[02/10/2025 13:38:20 - TRACE] VSCode language id: properties
[02/10/2025 13:38:40 - TRACE] VSCode language id: properties
[02/10/2025 13:38:42 - TRACE] VSCode language id: properties
[02/10/2025 13:38:45 - TRACE] VSCode language id: properties
[02/10/2025 13:38:47 - TRACE] VSCode language id: properties
[02/10/2025 13:38:56 - TRACE] VSCode language id: properties
[02/10/2025 13:38:58 - TRACE] VSCode language id: properties
[02/10/2025 13:39:00 - TRACE] VSCode language id: properties
[02/10/2025 13:40:30 - TRACE] VSCode language id: properties
[02/10/2025 13:40:32 - TRACE] VSCode language id: properties
[02/10/2025 13:40:33 - TRACE] VSCode language id: properties
[02/10/2025 13:40:35 - TRACE] VSCode language id: properties
[02/10/2025 13:40:41 - TRACE] VSCode language id: properties
[02/10/2025 13:40:43 - TRACE] VSCode language id: properties
[02/10/2025 13:40:45 - TRACE] VSCode language id: properties
[02/10/2025 13:40:47 - TRACE] VSCode language id: properties
[02/10/2025 13:40:56 - TRACE] VSCode language id: properties
[02/10/2025 13:40:58 - TRACE] VSCode language id: properties
[02/10/2025 13:41:04 - TRACE] VSCode language id: properties
[02/10/2025 13:41:06 - TRACE] VSCode language id: properties
[02/10/2025 13:41:13 - TRACE] VSCode language id: properties
[02/10/2025 13:41:15 - TRACE] VSCode language id: properties
[02/10/2025 13:41:20 - TRACE] VSCode language id: properties
[02/10/2025 13:41:22 - TRACE] VSCode language id: properties
[02/10/2025 13:41:25 - TRACE] VSCode language id: properties
[02/10/2025 13:41:27 - TRACE] VSCode language id: properties
[02/10/2025 13:41:30 - TRACE] VSCode language id: properties
[02/10/2025 13:41:32 - TRACE] VSCode language id: properties
[02/10/2025 13:41:43 - TRACE] VSCode language id: properties
[02/10/2025 13:41:45 - TRACE] VSCode language id: properties
[02/10/2025 13:42:13 - TRACE] VSCode language id: properties
[02/10/2025 13:42:15 - TRACE] VSCode language id: properties
[02/10/2025 13:42:16 - TRACE] VSCode language id: properties
[02/10/2025 13:42:18 - TRACE] VSCode language id: properties
[02/10/2025 13:42:20 - TRACE] VSCode language id: properties
[02/10/2025 13:42:22 - TRACE] VSCode language id: properties
[02/10/2025 13:42:24 - TRACE] VSCode language id: properties
[02/10/2025 13:42:26 - TRACE] VSCode language id: properties
[02/10/2025 13:42:28 - TRACE] VSCode language id: properties
[02/10/2025 13:42:31 - TRACE] VSCode language id: properties
[02/10/2025 13:42:34 - TRACE] VSCode language id: properties
[02/10/2025 13:42:36 - TRACE] VSCode language id: properties
[02/10/2025 13:42:41 - TRACE] VSCode language id: properties
[02/10/2025 13:42:43 - TRACE] VSCode language id: properties
[02/10/2025 13:42:46 - TRACE] VSCode language id: properties
[02/10/2025 13:42:48 - TRACE] VSCode language id: properties
[02/10/2025 13:42:51 - TRACE] VSCode language id: properties
[02/10/2025 13:42:53 - TRACE] VSCode language id: properties
[02/10/2025 13:42:57 - TRACE] VSCode language id: properties
[02/10/2025 13:42:59 - TRACE] VSCode language id: properties
[02/10/2025 13:43:02 - TRACE] VSCode language id: properties
[02/10/2025 13:43:04 - TRACE] VSCode language id: properties
[02/10/2025 13:43:20 - TRACE] VSCode language id: properties
[02/10/2025 13:43:22 - TRACE] VSCode language id: properties
[02/10/2025 13:43:26 - TRACE] VSCode language id: properties
[02/10/2025 13:43:28 - TRACE] VSCode language id: properties
[02/10/2025 13:43:33 - TRACE] VSCode language id: properties
[02/10/2025 13:43:35 - TRACE] VSCode language id: properties
[02/10/2025 13:43:40 - TRACE] VSCode language id: properties
[02/10/2025 13:43:42 - TRACE] VSCode language id: properties
[02/10/2025 13:43:44 - TRACE] VSCode language id: properties
[02/10/2025 13:43:46 - TRACE] VSCode language id: properties
[02/10/2025 13:43:53 - TRACE] VSCode language id: properties
[02/10/2025 13:43:55 - TRACE] VSCode language id: properties
[02/10/2025 13:44:10 - TRACE] VSCode language id: properties
[02/10/2025 13:44:12 - TRACE] VSCode language id: properties
[02/10/2025 13:44:14 - TRACE] VSCode language id: properties
[02/10/2025 13:44:16 - TRACE] VSCode language id: properties
[02/10/2025 13:44:18 - TRACE] VSCode language id: properties
[02/10/2025 13:44:25 - TRACE] VSCode language id: properties
[02/10/2025 13:44:27 - TRACE] VSCode language id: properties
[02/10/2025 13:44:30 - TRACE] VSCode language id: properties
[02/10/2025 13:44:32 - TRACE] VSCode language id: properties
[02/10/2025 13:44:35 - TRACE] VSCode language id: properties
[02/10/2025 13:44:37 - TRACE] VSCode language id: properties
[02/10/2025 13:44:51 - TRACE] VSCode language id: properties
[02/10/2025 13:44:53 - TRACE] VSCode language id: properties
[02/10/2025 13:44:58 - TRACE] VSCode language id: properties
[02/10/2025 13:45:00 - TRACE] VSCode language id: properties
[02/10/2025 13:45:18 - TRACE] VSCode language id: properties
[02/10/2025 13:45:20 - TRACE] VSCode language id: properties
[02/10/2025 13:45:26 - TRACE] VSCode language id: properties
[02/10/2025 13:45:28 - TRACE] VSCode language id: properties
[02/10/2025 13:45:31 - TRACE] VSCode language id: properties
[02/10/2025 13:45:33 - TRACE] VSCode language id: properties
[02/10/2025 13:45:39 - TRACE] VSCode language id: properties
[02/10/2025 13:45:41 - TRACE] VSCode language id: properties
[02/10/2025 13:45:48 - TRACE] VSCode language id: properties
[02/10/2025 13:45:50 - TRACE] VSCode language id: properties
[02/10/2025 13:45:52 - TRACE] VSCode language id: properties
[02/10/2025 13:45:55 - TRACE] VSCode language id: properties
[02/10/2025 13:46:03 - TRACE] VSCode language id: properties
[02/10/2025 13:46:05 - TRACE] VSCode language id: properties
[02/10/2025 13:46:10 - TRACE] VSCode language id: properties
[02/10/2025 13:46:12 - TRACE] VSCode language id: properties
[02/10/2025 13:48:15 - TRACE] VSCode language id: properties
[02/10/2025 13:48:17 - TRACE] VSCode language id: properties
[02/10/2025 13:48:22 - TRACE] VSCode language id: properties
[02/10/2025 13:48:24 - TRACE] VSCode language id: properties
[02/10/2025 13:48:28 - TRACE] VSCode language id: properties
[02/10/2025 13:48:30 - TRACE] VSCode language id: properties
[02/10/2025 13:48:47 - TRACE] VSCode language id: properties
[02/10/2025 13:48:49 - TRACE] VSCode language id: properties
[02/10/2025 13:48:57 - TRACE] VSCode language id: properties
[02/10/2025 13:48:59 - TRACE] VSCode language id: properties
[02/10/2025 13:49:01 - TRACE] VSCode language id: properties
[02/10/2025 13:49:07 - TRACE] VSCode language id: properties
[02/10/2025 13:49:09 - TRACE] VSCode language id: properties
[02/10/2025 13:49:11 - TRACE] VSCode language id: properties
[02/10/2025 13:49:16 - TRACE] VSCode language id: properties
[02/10/2025 13:49:18 - TRACE] VSCode language id: properties
[02/10/2025 13:49:25 - TRACE] VSCode language id: properties
[02/10/2025 13:49:27 - TRACE] VSCode language id: properties
[02/10/2025 13:49:33 - TRACE] VSCode language id: properties
[02/10/2025 13:49:35 - TRACE] VSCode language id: properties
[02/10/2025 13:58:06 - TRACE] VSCode language id: properties
[02/10/2025 13:58:08 - TRACE] VSCode language id: properties
[02/10/2025 13:58:11 - TRACE] VSCode language id: properties
[02/10/2025 13:58:13 - TRACE] VSCode language id: properties
[02/10/2025 13:58:15 - TRACE] VSCode language id: properties
[02/10/2025 13:58:16 - TRACE] VSCode language id: properties
[02/10/2025 13:58:18 - TRACE] VSCode language id: properties
[02/10/2025 13:58:20 - TRACE] VSCode language id: properties
[02/10/2025 13:58:22 - TRACE] VSCode language id: properties
[02/10/2025 14:03:25 - TRACE] VSCode language id: properties
[02/10/2025 14:03:33 - TRACE] VSCode language id: properties
[02/10/2025 14:03:35 - TRACE] VSCode language id: properties
[02/10/2025 14:03:37 - TRACE] VSCode language id: properties
[02/10/2025 14:03:39 - TRACE] VSCode language id: properties
[02/10/2025 14:03:41 - TRACE] VSCode language id: properties
[02/10/2025 14:03:43 - TRACE] VSCode language id: properties
[02/10/2025 14:03:45 - TRACE] VSCode language id: properties
[02/10/2025 14:04:09 - TRACE] VSCode language id: properties
[02/10/2025 14:04:11 - TRACE] VSCode language id: properties
[02/10/2025 14:04:13 - TRACE] VSCode language id: properties
[02/10/2025 14:04:16 - TRACE] VSCode language id: properties
[02/10/2025 14:04:18 - TRACE] VSCode language id: properties
[02/10/2025 14:04:29 - TRACE] VSCode language id: properties
[02/10/2025 14:04:31 - TRACE] VSCode language id: properties
[02/10/2025 14:04:33 - TRACE] VSCode language id: properties
[02/10/2025 14:04:35 - TRACE] VSCode language id: properties
[02/10/2025 14:04:37 - TRACE] VSCode language id: properties
[02/10/2025 14:04:41 - TRACE] VSCode language id: properties
[02/10/2025 14:04:43 - TRACE] VSCode language id: properties
[02/10/2025 14:04:45 - TRACE] VSCode language id: properties
[02/10/2025 14:04:56 - TRACE] VSCode language id: properties
[02/10/2025 14:04:58 - TRACE] VSCode language id: properties
[02/10/2025 14:05:00 - TRACE] VSCode language id: properties
[02/10/2025 14:05:02 - TRACE] VSCode language id: properties
[02/10/2025 14:05:04 - TRACE] VSCode language id: properties
[02/10/2025 14:09:14 - TRACE] VSCode language id: properties
[02/10/2025 14:14:40 - TRACE] VSCode language id: plaintext
[02/10/2025 14:14:41 - TRACE] VSCode language id: plaintext
[02/10/2025 14:14:42 - TRACE] VSCode language id: plaintext
[02/10/2025 14:14:43 - TRACE] VSCode language id: properties
[02/10/2025 14:14:52 - TRACE] VSCode language id: properties
