2025-10-21 00:11:38.190 [info] Native locator: Refresh started
2025-10-21 00:11:38.249 [info] Native locator: Refresh started
2025-10-21 00:11:38.249 [info] Native locator: Refresh started
2025-10-21 00:11:38.339 [info] Native locator: Refresh finished in 229 ms
2025-10-21 00:11:38.347 [info] > pyenv which python
2025-10-21 00:11:38.347 [info] cwd: .
2025-10-21 00:11:38.402 [info] Python interpreter path: /bin/python
2025-10-21 00:11:38.403 [info] Starting Pylance language server.
2025-10-21 00:16:58.351 [info] Discover tests for workspace name: TelegramFileSharingBot - uri: /home/pixel_loop/projects/TelegramFileSharingBot/bot/config.py
2025-10-21 00:19:59.870 [info] Discover tests for workspace name: TelegramFileSharingBot - uri: /home/pixel_loop/projects/TelegramFileSharingBot/bot/keyboards/inline/main.py
2025-10-21 00:21:17.535 [info] Discover tests for workspace name: TelegramFileSharingBot - uri: /home/pixel_loop/projects/TelegramFileSharingBot/bot/handlers/user/my_files/files_list.py
2025-10-21 00:21:22.473 [info] Discover tests for workspace name: TelegramFileSharingBot - uri: /home/pixel_loop/projects/TelegramFileSharingBot/bot/handlers/user/my_files/files_list.py
2025-10-21 00:21:26.734 [info] Discover tests for workspace name: TelegramFileSharingBot - uri: /home/pixel_loop/projects/TelegramFileSharingBot/bot/handlers/user/my_files/files_list.py
2025-10-21 00:21:57.556 [info] Discover tests for workspace name: TelegramFileSharingBot - uri: /home/pixel_loop/projects/TelegramFileSharingBot/bot/handlers/user/my_files/files_list.py
2025-10-21 00:22:07.154 [info] Discover tests for workspace name: TelegramFileSharingBot - uri: /home/pixel_loop/projects/TelegramFileSharingBot/bot/handlers/user/my_files/files_list.py
2025-10-21 00:22:58.774 [info] Discover tests for workspace name: TelegramFileSharingBot - uri: /home/pixel_loop/projects/TelegramFileSharingBot/bot/handlers/user/my_files/files_list.py
2025-10-21 00:24:03.112 [info] Discover tests for workspace name: TelegramFileSharingBot - uri: /home/pixel_loop/projects/TelegramFileSharingBot/bot/handlers/user/my_files/page_hadlers.py
2025-10-21 00:24:13.878 [info] Discover tests for workspace name: TelegramFileSharingBot - uri: /home/pixel_loop/projects/TelegramFileSharingBot/bot/handlers/user/my_files/page_hadlers.py
2025-10-21 00:24:21.277 [info] Discover tests for workspace name: TelegramFileSharingBot - uri: /home/pixel_loop/projects/TelegramFileSharingBot/bot/handlers/user/my_files/page_hadlers.py
2025-10-21 00:24:25.344 [info] Discover tests for workspace name: TelegramFileSharingBot - uri: /home/pixel_loop/projects/TelegramFileSharingBot/bot/handlers/user/my_files/page_hadlers.py
2025-10-21 00:24:31.741 [info] Discover tests for workspace name: TelegramFileSharingBot - uri: /home/pixel_loop/projects/TelegramFileSharingBot/bot/handlers/user/my_files/page_hadlers.py
2025-10-21 00:24:38.529 [info] Discover tests for workspace name: TelegramFileSharingBot - uri: /home/pixel_loop/projects/TelegramFileSharingBot/bot/handlers/user/my_files/page_hadlers.py
2025-10-21 00:24:40.148 [info] Discover tests for workspace name: TelegramFileSharingBot - uri: /home/pixel_loop/projects/TelegramFileSharingBot/bot/handlers/user/my_files/page_hadlers.py
2025-10-21 00:31:26.010 [info] Discover tests for workspace name: TelegramFileSharingBot - uri: /home/pixel_loop/projects/TelegramFileSharingBot/bot/handlers/user/my_files/files_list.py
