2025-10-21 00:36:53.307 [info] [main] Log level: Info
2025-10-21 00:36:53.308 [info] [main] Validating found git in: "git"
2025-10-21 00:36:53.308 [info] [main] Using git "2.51.1.dirty" from "git"
2025-10-21 00:36:53.308 [info] [Model][doInitialScan] Initial repository scan started
2025-10-21 00:36:53.308 [info] > git rev-parse --show-toplevel [5ms]
2025-10-21 00:36:53.308 [info] > git rev-parse --git-dir --git-common-dir --show-superproject-working-tree [3ms]
2025-10-21 00:36:53.308 [info] [Model][openRepository] Opened repository (path): /home/pixel_loop/projects/TelegramFileSharingBot
2025-10-21 00:36:53.308 [info] [Model][openRepository] Opened repository (real path): /home/pixel_loop/projects/TelegramFileSharingBot
2025-10-21 00:36:53.308 [info] [Model][openRepository] Opened repository (kind): repository
2025-10-21 00:36:53.308 [info] > git rev-parse --show-toplevel [1ms]
2025-10-21 00:36:53.308 [info] > git config --get commit.template [3ms]
2025-10-21 00:36:53.308 [info] > git for-each-ref --format=%(refname)%00%(upstream:short)%00%(objectname)%00%(upstream:track)%00%(upstream:remotename)%00%(upstream:remoteref) refs/heads/master refs/remotes/master [28ms]
2025-10-21 00:36:53.308 [info] > git rev-parse --show-toplevel [30ms]
2025-10-21 00:36:53.308 [warning] [Git][revParse] Unable to read file: ENOENT: no such file or directory, open '/home/pixel_loop/projects/TelegramFileSharingBot/.git/refs/remotes/origin/master'
2025-10-21 00:36:53.308 [info] > git check-ignore -v -z --stdin [12ms]
2025-10-21 00:36:53.308 [info] > git rev-parse --show-toplevel [34ms]
2025-10-21 00:36:53.308 [info] [Model][doInitialScan] Initial repository scan completed - repositories (1), closed repositories (0), parent repositories (0), unsafe repositories (0)
2025-10-21 00:36:53.308 [info] > git rev-parse refs/remotes/origin/master [38ms]
2025-10-21 00:36:53.329 [info] > git status -z -uall [1070ms]
2025-10-21 00:36:53.329 [info] > git for-each-ref --sort -committerdate --format %(refname)%00%(objectname)%00%(*objectname) [1066ms]
2025-10-21 00:36:53.444 [info] > git for-each-ref --format=%(refname)%00%(upstream:short)%00%(objectname)%00%(upstream:track)%00%(upstream:remotename)%00%(upstream:remoteref) refs/heads/master refs/remotes/master [102ms]
2025-10-21 00:36:53.566 [info] > git show --textconv :bot/handlers/user/my_files/files_list.py [114ms]
2025-10-21 00:36:53.566 [info] > git ls-files --stage -- bot/handlers/user/my_files/files_list.py [111ms]
2025-10-21 00:36:53.571 [info] > git config --get --local branch.master.vscode-merge-base [123ms]
2025-10-21 00:36:53.575 [info] > git config --get commit.template [132ms]
2025-10-21 00:36:53.579 [info] > git for-each-ref --format=%(refname)%00%(upstream:short)%00%(objectname)%00%(upstream:track)%00%(upstream:remotename)%00%(upstream:remoteref) refs/heads/origin/master refs/remotes/origin/master [5ms]
2025-10-21 00:36:53.583 [info] > git cat-file -s f4bf8d1d44ff40b0ab112d778055e7bf1daffcef [13ms]
2025-10-21 00:36:53.754 [info] > git merge-base refs/heads/master refs/remotes/origin/master [172ms]
2025-10-21 00:36:53.774 [info] > git for-each-ref --format=%(refname)%00%(upstream:short)%00%(objectname)%00%(upstream:track)%00%(upstream:remotename)%00%(upstream:remoteref) refs/heads/master refs/remotes/master [187ms]
2025-10-21 00:36:53.781 [warning] [Git][revParse] Unable to read file: ENOENT: no such file or directory, open '/home/pixel_loop/projects/TelegramFileSharingBot/.git/refs/remotes/origin/master'
2025-10-21 00:36:53.782 [info] > git diff --name-status -z --diff-filter=ADMR 6b755b708c6a3a4866dcfbd7c7268129774082f0...refs/remotes/origin/master [24ms]
2025-10-21 00:36:53.783 [info] > git rev-parse refs/remotes/origin/master [2ms]
2025-10-21 00:36:53.800 [info] > git status -z -uall [5ms]
2025-10-21 00:36:53.811 [info] > git for-each-ref --sort -committerdate --format %(refname)%00%(objectname)%00%(*objectname) [12ms]
2025-10-21 00:36:53.822 [info] > git blame --root --incremental 6b755b708c6a3a4866dcfbd7c7268129774082f0 -- bot/handlers/user/my_files/files_list.py [4ms]
2025-10-21 00:36:54.384 [info] > git config --get commit.template [8ms]
2025-10-21 00:36:54.395 [info] > git for-each-ref --format=%(refname)%00%(upstream:short)%00%(objectname)%00%(upstream:track)%00%(upstream:remotename)%00%(upstream:remoteref) refs/heads/master refs/remotes/master [1ms]
2025-10-21 00:36:54.399 [warning] [Git][revParse] Unable to read file: ENOENT: no such file or directory, open '/home/pixel_loop/projects/TelegramFileSharingBot/.git/refs/remotes/origin/master'
2025-10-21 00:36:54.401 [info] > git rev-parse refs/remotes/origin/master [2ms]
2025-10-21 00:36:54.408 [info] > git status -z -uall [4ms]
2025-10-21 00:36:54.408 [info] > git for-each-ref --sort -committerdate --format %(refname)%00%(objectname)%00%(*objectname) [0ms]
