2025-10-04 23:31:50.148 [info] [aebc6443-996d-45c2-90f0-388ff96faa56] Native Broker is only available on Windows
2025-10-04 23:31:50.213 [info] [getSessions] [all] starting
2025-10-04 23:31:50.213 [info] [getSessions] [all] returned 0 session(s)
2025-10-04 23:31:50.213 [info] [getSessions] [all] starting
2025-10-04 23:31:50.213 [info] [getSessions] [all] returned 0 session(s)
2025-10-04 23:31:50.213 [info] [getSessions] [all] starting
2025-10-04 23:31:50.213 [info] [getSessions] [all] returned 0 session(s)
2025-10-04 23:31:50.213 [info] [getSessions] [email offline_access openid profile] starting
2025-10-04 23:31:50.213 [info] [aebc6443-996d-45c2-90f0-388ff96faa56] Native Broker is only available on Windows
2025-10-04 23:31:50.248 [info] [getSessions] [email offline_access openid profile] returned 0 session(s)
2025-10-04 23:31:51.293 [info] [getSessions] [all] starting
2025-10-04 23:31:51.293 [info] [getSessions] [all] returned 0 session(s)
2025-10-04 23:31:51.293 [info] [getSessions] [all] starting
2025-10-04 23:31:51.293 [info] [getSessions] [all] returned 0 session(s)
2025-10-04 23:31:51.298 [info] [getSessions] [all] starting
2025-10-04 23:31:51.298 [info] [getSessions] [all] returned 0 session(s)
2025-10-04 23:31:51.944 [info] [getSessions] [all] starting
2025-10-04 23:31:51.944 [info] [getSessions] [all] returned 0 session(s)
2025-10-04 23:31:52.043 [info] [getSessions] [all] starting
2025-10-04 23:31:52.043 [info] [getSessions] [all] returned 0 session(s)
2025-10-04 23:31:53.978 [info] [getSessions] [499b84ac-1321-427f-aa17-267ca6975798/.default offline_access] starting
2025-10-04 23:31:53.978 [info] [getSessions] [499b84ac-1321-427f-aa17-267ca6975798/.default offline_access] returned 0 session(s)
2025-10-05 00:02:44.091 [info] [getSessions] [499b84ac-1321-427f-aa17-267ca6975798/.default offline_access] starting
2025-10-05 00:02:44.091 [info] [getSessions] [499b84ac-1321-427f-aa17-267ca6975798/.default offline_access] returned 0 session(s)
2025-10-05 00:02:44.533 [info] [getSessions] [499b84ac-1321-427f-aa17-267ca6975798/.default offline_access] starting
2025-10-05 00:02:44.533 [info] [getSessions] [499b84ac-1321-427f-aa17-267ca6975798/.default offline_access] returned 0 session(s)
2025-10-05 00:02:45.901 [info] [getSessions] [all] starting
2025-10-05 00:02:45.901 [info] [getSessions] [all] returned 0 session(s)
2025-10-05 00:24:39.822 [info] [getSessions] [499b84ac-1321-427f-aa17-267ca6975798/.default offline_access] starting
2025-10-05 00:24:39.831 [info] [getSessions] [499b84ac-1321-427f-aa17-267ca6975798/.default offline_access] returned 0 session(s)
