2025-10-03 19:44:11.616 [info] Reading sessions from keychain...
2025-10-03 19:44:11.616 [info] Getting sessions for all scopes...
2025-10-03 19:44:11.644 [info] Got 0 sessions for ...
2025-10-03 19:44:11.644 [info] Getting sessions for all scopes...
2025-10-03 19:44:11.644 [info] Got 0 sessions for ...
2025-10-03 19:44:11.697 [info] Getting sessions for all scopes...
2025-10-03 19:44:11.697 [info] Got 0 sessions for ...
2025-10-03 19:44:11.831 [info] Getting sessions for all scopes...
2025-10-03 19:44:11.831 [info] Got 0 sessions for ...
2025-10-03 19:44:11.839 [info] Getting sessions for all scopes...
2025-10-03 19:44:11.839 [info] Got 0 sessions for ...
2025-10-03 19:44:11.839 [info] Getting sessions for all scopes...
2025-10-03 19:44:11.839 [info] Got 0 sessions for ...
2025-10-03 19:44:11.839 [info] Getting sessions for all scopes...
2025-10-03 19:44:11.839 [info] Got 0 sessions for ...
2025-10-03 19:44:11.839 [info] Getting sessions for all scopes...
2025-10-03 19:44:11.839 [info] Got 0 sessions for ...
2025-10-03 19:44:11.865 [info] Getting sessions for all scopes...
2025-10-03 19:44:11.865 [info] Got 0 sessions for ...
2025-10-03 19:44:11.865 [info] Getting sessions for all scopes...
2025-10-03 19:44:11.865 [info] Got 0 sessions for ...
2025-10-03 19:44:11.865 [info] Getting sessions for all scopes...
2025-10-03 19:44:11.865 [info] Got 0 sessions for ...
2025-10-03 19:44:11.865 [info] Getting sessions for all scopes...
2025-10-03 19:44:11.865 [info] Got 0 sessions for ...
2025-10-03 19:44:11.865 [info] Getting sessions for all scopes...
2025-10-03 19:44:11.865 [info] Got 0 sessions for ...
2025-10-03 19:44:11.895 [info] Getting sessions for all scopes...
2025-10-03 19:44:11.895 [info] Got 0 sessions for ...
2025-10-03 19:44:14.593 [info] Getting sessions for user:email...
2025-10-03 19:44:14.593 [info] Got 0 sessions for user:email...
2025-10-03 19:44:14.599 [info] Getting sessions for all scopes...
2025-10-03 19:44:14.599 [info] Got 0 sessions for ...
2025-10-03 19:44:14.613 [info] Getting sessions for all scopes...
2025-10-03 19:44:14.613 [info] Got 0 sessions for ...
2025-10-03 19:44:14.613 [info] Getting sessions for all scopes...
2025-10-03 19:44:14.613 [info] Got 0 sessions for ...
2025-10-03 19:44:14.613 [info] Getting sessions for all scopes...
2025-10-03 19:44:14.613 [info] Got 0 sessions for ...
2025-10-03 19:44:14.758 [info] Getting sessions for all scopes...
2025-10-03 19:44:14.758 [info] Got 0 sessions for ...
2025-10-03 19:44:14.759 [info] Getting sessions for all scopes...
2025-10-03 19:44:14.759 [info] Got 0 sessions for ...
2025-10-03 19:44:15.269 [info] Getting sessions for all scopes...
2025-10-03 19:44:15.269 [info] Got 0 sessions for ...
2025-10-03 19:44:15.270 [info] Getting sessions for user:email...
2025-10-03 19:44:15.270 [info] Got 0 sessions for user:email...
2025-10-03 19:44:15.270 [info] Getting sessions for read:user,repo,user:email,workflow...
2025-10-03 19:44:15.270 [info] Got 0 sessions for read:user,repo,user:email,workflow...
2025-10-03 19:44:15.309 [info] Getting sessions for all scopes...
2025-10-03 19:44:15.309 [info] Got 0 sessions for ...
2025-10-03 19:44:15.309 [info] Getting sessions for read:user,repo,user:email,workflow...
2025-10-03 19:44:15.309 [info] Got 0 sessions for read:user,repo,user:email,workflow...
2025-10-03 19:44:15.357 [info] Getting sessions for all scopes...
2025-10-03 19:44:15.357 [info] Got 0 sessions for ...
2025-10-03 19:44:15.358 [info] Getting sessions for user:email...
2025-10-03 19:44:15.358 [info] Got 0 sessions for user:email...
2025-10-03 19:44:15.371 [info] Getting sessions for read:user...
2025-10-03 19:44:15.371 [info] Got 0 sessions for read:user...
2025-10-03 19:44:15.388 [info] Getting sessions for user:email...
2025-10-03 19:44:15.388 [info] Got 0 sessions for user:email...
2025-10-03 19:44:15.389 [info] Getting sessions for user:email...
2025-10-03 19:44:15.389 [info] Got 0 sessions for user:email...
2025-10-03 19:44:15.413 [info] Getting sessions for all scopes...
2025-10-03 19:44:15.413 [info] Got 0 sessions for ...
2025-10-03 19:44:15.566 [info] Getting sessions for user:email...
2025-10-03 19:44:15.566 [info] Got 0 sessions for user:email...
2025-10-03 19:44:15.587 [info] Getting sessions for all scopes...
2025-10-03 19:44:15.587 [info] Got 0 sessions for ...
2025-10-03 19:44:15.624 [info] Getting sessions for user:email...
2025-10-03 19:44:15.624 [info] Got 0 sessions for user:email...
2025-10-03 19:44:15.791 [info] Getting sessions for all scopes...
2025-10-03 19:44:15.791 [info] Got 0 sessions for ...
2025-10-03 19:44:15.797 [info] Getting sessions for user:email...
2025-10-03 19:44:15.797 [info] Got 0 sessions for user:email...
2025-10-03 19:44:15.799 [info] Getting sessions for all scopes...
2025-10-03 19:44:15.799 [info] Got 0 sessions for ...
2025-10-03 19:44:15.799 [info] Getting sessions for all scopes...
2025-10-03 19:44:15.799 [info] Got 0 sessions for ...
2025-10-03 19:44:15.800 [info] Getting sessions for user:email...
2025-10-03 19:44:15.800 [info] Got 0 sessions for user:email...
