[Running] python -u "/home/pixel_loop/scripts/tetris/main4.py"
Traceback (most recent call last):
  File "/home/pixel_loop/scripts/tetris/main4.py", line 15, in <module>
    wrapper(main)
    ~~~~~~~^^^^^^
  File "/usr/lib/python3.13/curses/__init__.py", line 73, in wrapper
    stdscr = initscr()
  File "/usr/lib/python3.13/curses/__init__.py", line 29, in initscr
    setupterm(term=_os.environ.get("TERM", "unknown"),
    ~~~~~~~~~^^^^^^^^^^^^^^^^^^^^^^^^^^^^^^^^^^^^^^^^^
              fd=_sys.__stdout__.fileno())
              ^^^^^^^^^^^^^^^^^^^^^^^^^^^^
_curses.error: setupterm: could not find terminal

[Done] exited with code=1 in 0.043 seconds

[Running] python -u "/home/pixel_loop/scripts/tetris/main4.py"
Traceback (most recent call last):
  File "/home/pixel_loop/scripts/tetris/main4.py", line 34, in <module>
    curses.wrapper(draw_smile)
    ~~~~~~~~~~~~~~^^^^^^^^^^^^
  File "/usr/lib/python3.13/curses/__init__.py", line 73, in wrapper
    stdscr = initscr()
  File "/usr/lib/python3.13/curses/__init__.py", line 29, in initscr
    setupterm(term=_os.environ.get("TERM", "unknown"),
    ~~~~~~~~~^^^^^^^^^^^^^^^^^^^^^^^^^^^^^^^^^^^^^^^^^
              fd=_sys.__stdout__.fileno())
              ^^^^^^^^^^^^^^^^^^^^^^^^^^^^
_curses.error: setupterm: could not find terminal

[Done] exited with code=1 in 0.043 seconds

