2025-10-21 00:11:24.285 [info] [main] Log level: Info
2025-10-21 00:11:24.285 [info] [main] Validating found git in: "git"
2025-10-21 00:11:24.285 [info] [main] Using git "2.51.1.dirty" from "git"
2025-10-21 00:11:24.285 [info] [Model][doInitialScan] Initial repository scan started
2025-10-21 00:11:24.285 [info] > git rev-parse --show-toplevel [1ms]
2025-10-21 00:11:24.285 [info] > git rev-parse --git-dir --git-common-dir --show-superproject-working-tree [1ms]
2025-10-21 00:11:24.285 [info] [Model][openRepository] Opened repository (path): /home/pixel_loop/projects/TelegramFileSharingBot
2025-10-21 00:11:24.285 [info] [Model][openRepository] Opened repository (real path): /home/pixel_loop/projects/TelegramFileSharingBot
2025-10-21 00:11:24.285 [info] [Model][openRepository] Opened repository (kind): repository
2025-10-21 00:11:24.285 [info] > git rev-parse --show-toplevel [5ms]
2025-10-21 00:11:24.285 [info] [Model][doInitialScan] Initial repository scan completed - repositories (1), closed repositories (0), parent repositories (0), unsafe repositories (0)
2025-10-21 00:11:24.285 [info] > git config --get commit.template [8ms]
2025-10-21 00:11:24.285 [info] > git for-each-ref --format=%(refname)%00%(upstream:short)%00%(objectname)%00%(upstream:track)%00%(upstream:remotename)%00%(upstream:remoteref) refs/heads/master refs/remotes/master [1ms]
2025-10-21 00:11:24.285 [warning] [Git][revParse] Unable to read file: ENOENT: no such file or directory, open '/home/pixel_loop/projects/TelegramFileSharingBot/.git/refs/remotes/origin/master'
2025-10-21 00:11:24.285 [info] > git rev-parse refs/remotes/origin/master [1ms]
2025-10-21 00:11:24.285 [info] > git status -z -uall [2ms]
2025-10-21 00:11:24.285 [info] > git for-each-ref --sort -committerdate --format %(refname)%00%(objectname)%00%(*objectname) [0ms]
2025-10-21 00:11:24.285 [info] > git for-each-ref --format=%(refname)%00%(upstream:short)%00%(objectname)%00%(upstream:track)%00%(upstream:remotename)%00%(upstream:remoteref) refs/heads/master refs/remotes/master [3ms]
2025-10-21 00:11:24.285 [info] > git config --get commit.template [2ms]
2025-10-21 00:11:24.285 [info] > git config --get --local branch.master.vscode-merge-base [0ms]
2025-10-21 00:11:24.285 [warning] [Git][config] git config failed: Failed to execute git
2025-10-21 00:11:24.285 [info] > git reflog master --grep-reflog=branch: Created from *. [2ms]
2025-10-21 00:11:24.285 [info] > git for-each-ref --format=%(refname)%00%(upstream:short)%00%(objectname)%00%(upstream:track)%00%(upstream:remotename)%00%(upstream:remoteref) refs/heads/master refs/remotes/master [2ms]
2025-10-21 00:11:24.285 [warning] [Git][revParse] Unable to read file: ENOENT: no such file or directory, open '/home/pixel_loop/projects/TelegramFileSharingBot/.git/refs/remotes/origin/master'
2025-10-21 00:11:24.285 [info] > git symbolic-ref --short refs/remotes/origin/HEAD [2ms]
2025-10-21 00:11:24.285 [info] > git rev-parse refs/remotes/origin/master [2ms]
2025-10-21 00:11:24.285 [info] > git status -z -uall [2ms]
2025-10-21 00:11:24.285 [info] > git for-each-ref --format=%(refname)%00%(upstream:short)%00%(objectname)%00%(upstream:track)%00%(upstream:remotename)%00%(upstream:remoteref) refs/heads/origin/master refs/remotes/origin/master [3ms]
2025-10-21 00:11:24.285 [info] > git for-each-ref --sort -committerdate --format %(refname)%00%(objectname)%00%(*objectname) [2ms]
2025-10-21 00:11:24.285 [info] > git config --add --local branch.master.vscode-merge-base origin/master [2ms]
2025-10-21 00:11:24.285 [info] > git config --get commit.template [2ms]
2025-10-21 00:11:24.285 [info] > git for-each-ref --format=%(refname)%00%(upstream:short)%00%(objectname)%00%(upstream:track)%00%(upstream:remotename)%00%(upstream:remoteref) refs/heads/master refs/remotes/master [1ms]
2025-10-21 00:11:24.285 [warning] [Git][revParse] Unable to read file: ENOENT: no such file or directory, open '/home/pixel_loop/projects/TelegramFileSharingBot/.git/refs/remotes/origin/master'
2025-10-21 00:11:24.285 [info] > git rev-parse refs/remotes/origin/master [1ms]
2025-10-21 00:11:24.285 [info] > git status -z -uall [2ms]
2025-10-21 00:11:24.285 [info] > git for-each-ref --sort -committerdate --format %(refname)%00%(objectname)%00%(*objectname) [1ms]
2025-10-21 00:11:24.285 [info] > git merge-base refs/heads/master refs/remotes/origin/master [2ms]
2025-10-21 00:11:24.285 [info] > git merge-base refs/heads/master refs/remotes/origin/master [2ms]
2025-10-21 00:11:24.285 [info] > git diff --name-status -z --diff-filter=ADMR 6b755b708c6a3a4866dcfbd7c7268129774082f0...refs/remotes/origin/master [2ms]
2025-10-21 00:11:24.285 [info] > git diff --name-status -z --diff-filter=ADMR 6b755b708c6a3a4866dcfbd7c7268129774082f0...refs/remotes/origin/master [0ms]
2025-10-21 00:11:24.285 [info] > git config --get commit.template [31ms]
2025-10-21 00:11:24.285 [info] > git for-each-ref --format=%(refname)%00%(upstream:short)%00%(objectname)%00%(upstream:track)%00%(upstream:remotename)%00%(upstream:remoteref) refs/heads/master refs/remotes/master [87ms]
2025-10-21 00:11:24.285 [warning] [Git][revParse] Unable to read file: ENOENT: no such file or directory, open '/home/pixel_loop/projects/TelegramFileSharingBot/.git/refs/remotes/origin/master'
2025-10-21 00:11:24.286 [info] > git rev-parse refs/remotes/origin/master [2ms]
2025-10-21 00:11:24.295 [info] > git status -z -uall [5ms]
2025-10-21 00:11:24.295 [info] > git for-each-ref --sort -committerdate --format %(refname)%00%(objectname)%00%(*objectname) [2ms]
2025-10-21 00:11:24.633 [info] > git check-ignore -v -z --stdin [1ms]
2025-10-21 00:11:24.917 [info] > git config --get commit.template [3ms]
2025-10-21 00:11:24.923 [info] > git for-each-ref --format=%(refname)%00%(upstream:short)%00%(objectname)%00%(upstream:track)%00%(upstream:remotename)%00%(upstream:remoteref) refs/heads/master refs/remotes/master [2ms]
2025-10-21 00:11:24.927 [warning] [Git][revParse] Unable to read file: ENOENT: no such file or directory, open '/home/pixel_loop/projects/TelegramFileSharingBot/.git/refs/remotes/origin/master'
2025-10-21 00:11:24.928 [info] > git rev-parse refs/remotes/origin/master [1ms]
2025-10-21 00:11:24.934 [info] > git status -z -uall [3ms]
2025-10-21 00:11:24.937 [info] > git for-each-ref --sort -committerdate --format %(refname)%00%(objectname)%00%(*objectname) [3ms]
2025-10-21 00:11:25.515 [info] > git check-ignore -v -z --stdin [11ms]
2025-10-21 00:11:26.311 [info] > git check-ignore -v -z --stdin [1ms]
2025-10-21 00:11:29.261 [info] > git check-ignore -v -z --stdin [1ms]
2025-10-21 00:11:30.672 [info] > git check-ignore -v -z --stdin [3ms]
2025-10-21 00:11:38.177 [info] > git show --textconv :bot/handlers/user/__init__.py [8ms]
2025-10-21 00:11:38.180 [info] > git ls-files --stage -- bot/handlers/user/__init__.py [4ms]
2025-10-21 00:11:38.189 [info] > git cat-file -s 74175f39c150aed03cb771befeb2b3da499a898f [3ms]
2025-10-21 00:11:39.052 [info] > git check-ignore -v -z --stdin [1ms]
2025-10-21 00:11:39.697 [info] > git check-ignore -v -z --stdin [1ms]
2025-10-21 00:11:41.123 [info] > git show --textconv :bot/handlers/user/my_files/page_hadlers.py [5ms]
2025-10-21 00:11:41.123 [info] > git ls-files --stage -- bot/handlers/user/my_files/page_hadlers.py [1ms]
2025-10-21 00:11:41.128 [info] > git cat-file -s 27484300a9315ddda97fa9b6cc36892d8a67e41f [1ms]
2025-10-21 00:11:57.210 [info] > git blame --root --incremental 6b755b708c6a3a4866dcfbd7c7268129774082f0 -- bot/handlers/user/my_files/page_hadlers.py [1ms]
2025-10-21 00:12:50.732 [info] > git show --textconv :bot/keyboards/inline/back_to_list.py [9ms]
2025-10-21 00:12:50.733 [info] > git ls-files --stage -- bot/keyboards/inline/back_to_list.py [2ms]
2025-10-21 00:12:50.743 [info] > git cat-file -s ba406242d026dc2aa617aa53c659d42948f9aef2 [2ms]
2025-10-21 00:12:52.018 [info] > git show --textconv :bot/keyboards/inline/back_to_main.py [15ms]
2025-10-21 00:12:52.019 [info] > git ls-files --stage -- bot/keyboards/inline/back_to_main.py [2ms]
2025-10-21 00:12:52.030 [info] > git cat-file -s 73de3a2c41264f1bc81b7778454c39c16ab922cd [2ms]
2025-10-21 00:13:28.872 [info] > git show --textconv :.gitignore [12ms]
2025-10-21 00:13:28.873 [info] > git ls-files --stage -- .gitignore [2ms]
2025-10-21 00:13:28.880 [info] > git cat-file -s 2935eebb8261d312a63adbfebc5ef9228d4db0ce [1ms]
2025-10-21 00:13:31.772 [info] > git blame --root --incremental 6b755b708c6a3a4866dcfbd7c7268129774082f0 -- .gitignore [1ms]
2025-10-21 00:13:55.504 [info] > git config --get commit.template [4ms]
2025-10-21 00:13:55.505 [info] > git check-ignore -v -z --stdin [1ms]
2025-10-21 00:13:55.509 [info] > git for-each-ref --format=%(refname)%00%(upstream:short)%00%(objectname)%00%(upstream:track)%00%(upstream:remotename)%00%(upstream:remoteref) refs/heads/master refs/remotes/master [0ms]
2025-10-21 00:13:55.513 [warning] [Git][revParse] Unable to read file: ENOENT: no such file or directory, open '/home/pixel_loop/projects/TelegramFileSharingBot/.git/refs/remotes/origin/master'
2025-10-21 00:13:55.513 [info] > git rev-parse refs/remotes/origin/master [0ms]
2025-10-21 00:13:55.520 [info] > git status -z -uall [3ms]
2025-10-21 00:13:55.521 [info] > git for-each-ref --sort -committerdate --format %(refname)%00%(objectname)%00%(*objectname) [1ms]
2025-10-21 00:14:00.550 [info] > git config --get commit.template [8ms]
2025-10-21 00:14:00.551 [info] > git for-each-ref --format=%(refname)%00%(upstream:short)%00%(objectname)%00%(upstream:track)%00%(upstream:remotename)%00%(upstream:remoteref) refs/heads/master refs/remotes/master [2ms]
2025-10-21 00:14:00.557 [warning] [Git][revParse] Unable to read file: ENOENT: no such file or directory, open '/home/pixel_loop/projects/TelegramFileSharingBot/.git/refs/remotes/origin/master'
2025-10-21 00:14:00.558 [info] > git rev-parse refs/remotes/origin/master [1ms]
2025-10-21 00:14:00.569 [info] > git status -z -uall [5ms]
2025-10-21 00:14:00.569 [info] > git for-each-ref --sort -committerdate --format %(refname)%00%(objectname)%00%(*objectname) [1ms]
2025-10-21 00:15:41.477 [info] > git show --textconv :requests.txt [12ms]
2025-10-21 00:15:41.479 [info] > git ls-files --stage -- requests.txt [2ms]
2025-10-21 00:15:41.486 [info] > git cat-file -s 72fed74c0000d6445de359911dea8fe00c49da47 [1ms]
2025-10-21 00:15:42.143 [info] > git blame --root --incremental 6b755b708c6a3a4866dcfbd7c7268129774082f0 -- requests.txt [1ms]
2025-10-21 00:15:45.416 [info] > git config --get commit.template [11ms]
2025-10-21 00:15:45.416 [info] > git for-each-ref --format=%(refname)%00%(upstream:short)%00%(objectname)%00%(upstream:track)%00%(upstream:remotename)%00%(upstream:remoteref) refs/heads/master refs/remotes/master [1ms]
2025-10-21 00:15:45.423 [warning] [Git][revParse] Unable to read file: ENOENT: no such file or directory, open '/home/pixel_loop/projects/TelegramFileSharingBot/.git/refs/remotes/origin/master'
2025-10-21 00:15:45.425 [info] > git rev-parse refs/remotes/origin/master [1ms]
2025-10-21 00:15:45.437 [info] > git status -z -uall [6ms]
2025-10-21 00:15:45.438 [info] > git for-each-ref --sort -committerdate --format %(refname)%00%(objectname)%00%(*objectname) [2ms]
2025-10-21 00:15:58.338 [info] > git config --get commit.template [10ms]
2025-10-21 00:15:58.338 [info] > git for-each-ref --format=%(refname)%00%(upstream:short)%00%(objectname)%00%(upstream:track)%00%(upstream:remotename)%00%(upstream:remoteref) refs/heads/master refs/remotes/master [1ms]
2025-10-21 00:15:58.345 [warning] [Git][revParse] Unable to read file: ENOENT: no such file or directory, open '/home/pixel_loop/projects/TelegramFileSharingBot/.git/refs/remotes/origin/master'
2025-10-21 00:15:58.346 [info] > git rev-parse refs/remotes/origin/master [1ms]
2025-10-21 00:15:58.358 [info] > git status -z -uall [6ms]
2025-10-21 00:15:58.359 [info] > git for-each-ref --sort -committerdate --format %(refname)%00%(objectname)%00%(*objectname) [1ms]
2025-10-21 00:16:03.532 [info] > git config --get commit.template [13ms]
2025-10-21 00:16:03.533 [info] > git for-each-ref --format=%(refname)%00%(upstream:short)%00%(objectname)%00%(upstream:track)%00%(upstream:remotename)%00%(upstream:remoteref) refs/heads/master refs/remotes/master [3ms]
2025-10-21 00:16:03.542 [warning] [Git][revParse] Unable to read file: ENOENT: no such file or directory, open '/home/pixel_loop/projects/TelegramFileSharingBot/.git/refs/remotes/origin/master'
2025-10-21 00:16:03.544 [info] > git rev-parse refs/remotes/origin/master [2ms]
2025-10-21 00:16:03.557 [info] > git status -z -uall [6ms]
2025-10-21 00:16:03.558 [info] > git for-each-ref --sort -committerdate --format %(refname)%00%(objectname)%00%(*objectname) [1ms]
2025-10-21 00:16:11.980 [info] > git config --get commit.template [1ms]
2025-10-21 00:16:11.990 [info] > git for-each-ref --format=%(refname)%00%(upstream:short)%00%(objectname)%00%(upstream:track)%00%(upstream:remotename)%00%(upstream:remoteref) refs/heads/master refs/remotes/master [2ms]
2025-10-21 00:16:11.995 [warning] [Git][revParse] Unable to read file: ENOENT: no such file or directory, open '/home/pixel_loop/projects/TelegramFileSharingBot/.git/refs/remotes/origin/master'
2025-10-21 00:16:11.996 [info] > git rev-parse refs/remotes/origin/master [1ms]
2025-10-21 00:16:12.007 [info] > git status -z -uall [7ms]
2025-10-21 00:16:12.007 [info] > git for-each-ref --sort -committerdate --format %(refname)%00%(objectname)%00%(*objectname) [0ms]
2025-10-21 00:16:18.624 [info] > git config --get commit.template [9ms]
2025-10-21 00:16:18.626 [info] > git for-each-ref --format=%(refname)%00%(upstream:short)%00%(objectname)%00%(upstream:track)%00%(upstream:remotename)%00%(upstream:remoteref) refs/heads/master refs/remotes/master [3ms]
2025-10-21 00:16:18.635 [warning] [Git][revParse] Unable to read file: ENOENT: no such file or directory, open '/home/pixel_loop/projects/TelegramFileSharingBot/.git/refs/remotes/origin/master'
2025-10-21 00:16:18.636 [info] > git rev-parse refs/remotes/origin/master [2ms]
2025-10-21 00:16:18.649 [info] > git status -z -uall [6ms]
2025-10-21 00:16:18.650 [info] > git for-each-ref --sort -committerdate --format %(refname)%00%(objectname)%00%(*objectname) [1ms]
2025-10-21 00:16:23.688 [info] > git config --get commit.template [17ms]
2025-10-21 00:16:23.689 [info] > git for-each-ref --format=%(refname)%00%(upstream:short)%00%(objectname)%00%(upstream:track)%00%(upstream:remotename)%00%(upstream:remoteref) refs/heads/master refs/remotes/master [3ms]
2025-10-21 00:16:23.697 [warning] [Git][revParse] Unable to read file: ENOENT: no such file or directory, open '/home/pixel_loop/projects/TelegramFileSharingBot/.git/refs/remotes/origin/master'
2025-10-21 00:16:23.698 [info] > git rev-parse refs/remotes/origin/master [1ms]
2025-10-21 00:16:23.712 [info] > git status -z -uall [8ms]
2025-10-21 00:16:23.713 [info] > git for-each-ref --sort -committerdate --format %(refname)%00%(objectname)%00%(*objectname) [2ms]
2025-10-21 00:16:28.922 [info] > git config --get commit.template [11ms]
2025-10-21 00:16:28.924 [info] > git for-each-ref --format=%(refname)%00%(upstream:short)%00%(objectname)%00%(upstream:track)%00%(upstream:remotename)%00%(upstream:remoteref) refs/heads/master refs/remotes/master [3ms]
2025-10-21 00:16:28.932 [warning] [Git][revParse] Unable to read file: ENOENT: no such file or directory, open '/home/pixel_loop/projects/TelegramFileSharingBot/.git/refs/remotes/origin/master'
2025-10-21 00:16:28.934 [info] > git rev-parse refs/remotes/origin/master [2ms]
2025-10-21 00:16:28.948 [info] > git status -z -uall [7ms]
2025-10-21 00:16:28.948 [info] > git for-each-ref --sort -committerdate --format %(refname)%00%(objectname)%00%(*objectname) [1ms]
2025-10-21 00:16:36.236 [info] > git config --get commit.template [10ms]
2025-10-21 00:16:36.238 [info] > git for-each-ref --format=%(refname)%00%(upstream:short)%00%(objectname)%00%(upstream:track)%00%(upstream:remotename)%00%(upstream:remoteref) refs/heads/master refs/remotes/master [3ms]
2025-10-21 00:16:36.246 [warning] [Git][revParse] Unable to read file: ENOENT: no such file or directory, open '/home/pixel_loop/projects/TelegramFileSharingBot/.git/refs/remotes/origin/master'
2025-10-21 00:16:36.248 [info] > git rev-parse refs/remotes/origin/master [2ms]
2025-10-21 00:16:36.262 [info] > git status -z -uall [7ms]
2025-10-21 00:16:36.263 [info] > git for-each-ref --sort -committerdate --format %(refname)%00%(objectname)%00%(*objectname) [1ms]
2025-10-21 00:16:41.288 [info] > git config --get commit.template [13ms]
2025-10-21 00:16:41.288 [info] > git for-each-ref --format=%(refname)%00%(upstream:short)%00%(objectname)%00%(upstream:track)%00%(upstream:remotename)%00%(upstream:remoteref) refs/heads/master refs/remotes/master [1ms]
2025-10-21 00:16:41.296 [warning] [Git][revParse] Unable to read file: ENOENT: no such file or directory, open '/home/pixel_loop/projects/TelegramFileSharingBot/.git/refs/remotes/origin/master'
2025-10-21 00:16:41.298 [info] > git rev-parse refs/remotes/origin/master [2ms]
2025-10-21 00:16:41.311 [info] > git status -z -uall [6ms]
2025-10-21 00:16:41.312 [info] > git for-each-ref --sort -committerdate --format %(refname)%00%(objectname)%00%(*objectname) [1ms]
2025-10-21 00:16:46.337 [info] > git config --get commit.template [11ms]
2025-10-21 00:16:46.338 [info] > git for-each-ref --format=%(refname)%00%(upstream:short)%00%(objectname)%00%(upstream:track)%00%(upstream:remotename)%00%(upstream:remoteref) refs/heads/master refs/remotes/master [3ms]
2025-10-21 00:16:46.346 [warning] [Git][revParse] Unable to read file: ENOENT: no such file or directory, open '/home/pixel_loop/projects/TelegramFileSharingBot/.git/refs/remotes/origin/master'
2025-10-21 00:16:46.348 [info] > git rev-parse refs/remotes/origin/master [2ms]
2025-10-21 00:16:46.361 [info] > git status -z -uall [7ms]
2025-10-21 00:16:46.362 [info] > git for-each-ref --sort -committerdate --format %(refname)%00%(objectname)%00%(*objectname) [1ms]
2025-10-21 00:16:54.410 [info] > git show --textconv :bot/config.py [4ms]
2025-10-21 00:16:54.411 [info] > git ls-files --stage -- bot/config.py [1ms]
2025-10-21 00:16:54.415 [info] > git cat-file -s 4b6f9640161d8d2135c5a36724d48c6e4a5bbc96 [1ms]
2025-10-21 00:16:55.296 [info] > git blame --root --incremental 6b755b708c6a3a4866dcfbd7c7268129774082f0 -- bot/config.py [1ms]
2025-10-21 00:16:59.187 [info] > git config --get commit.template [9ms]
2025-10-21 00:16:59.188 [info] > git for-each-ref --format=%(refname)%00%(upstream:short)%00%(objectname)%00%(upstream:track)%00%(upstream:remotename)%00%(upstream:remoteref) refs/heads/master refs/remotes/master [2ms]
2025-10-21 00:16:59.196 [warning] [Git][revParse] Unable to read file: ENOENT: no such file or directory, open '/home/pixel_loop/projects/TelegramFileSharingBot/.git/refs/remotes/origin/master'
2025-10-21 00:16:59.197 [info] > git rev-parse refs/remotes/origin/master [1ms]
2025-10-21 00:16:59.209 [info] > git status -z -uall [6ms]
2025-10-21 00:16:59.210 [info] > git for-each-ref --sort -committerdate --format %(refname)%00%(objectname)%00%(*objectname) [1ms]
2025-10-21 00:17:10.047 [info] > git show --textconv :bot/.env [10ms]
2025-10-21 00:17:10.053 [info] > git ls-files --stage -- bot/.env [7ms]
2025-10-21 00:17:10.057 [info] > git hash-object -t tree /dev/null [5ms]
2025-10-21 00:17:10.057 [warning] [GitFileSystemProvider][readFile] File not found - git:/home/pixel_loop/projects/TelegramFileSharingBot/bot/.env.git?%7B%22path%22%3A%22%2Fhome%2Fpixel_loop%2Fprojects%2FTelegramFileSharingBot%2Fbot%2F.env%22%2C%22ref%22%3A%22%22%7D
2025-10-21 00:17:10.059 [info] > git hash-object -t tree /dev/null [2ms]
2025-10-21 00:17:10.059 [warning] [GitFileSystemProvider][stat] File not found - git:/home/pixel_loop/projects/TelegramFileSharingBot/bot/.env.git?%7B%22path%22%3A%22%2Fhome%2Fpixel_loop%2Fprojects%2FTelegramFileSharingBot%2Fbot%2F.env%22%2C%22ref%22%3A%22%22%7D
2025-10-21 00:17:10.316 [info] > git check-ignore -v -z --stdin [1ms]
2025-10-21 00:17:10.862 [info] > git config --get commit.template [4ms]
2025-10-21 00:17:10.862 [info] > git for-each-ref --format=%(refname)%00%(upstream:short)%00%(objectname)%00%(upstream:track)%00%(upstream:remotename)%00%(upstream:remoteref) refs/heads/master refs/remotes/master [1ms]
2025-10-21 00:17:10.865 [warning] [Git][revParse] Unable to read file: ENOENT: no such file or directory, open '/home/pixel_loop/projects/TelegramFileSharingBot/.git/refs/remotes/origin/master'
2025-10-21 00:17:10.866 [info] > git rev-parse refs/remotes/origin/master [1ms]
2025-10-21 00:17:10.874 [info] > git status -z -uall [4ms]
2025-10-21 00:17:10.874 [info] > git for-each-ref --sort -committerdate --format %(refname)%00%(objectname)%00%(*objectname) [0ms]
2025-10-21 00:17:38.509 [info] > git blame --root --incremental 6b755b708c6a3a4866dcfbd7c7268129774082f0 -- bot/.env [1ms]
2025-10-21 00:17:38.509 [info] fatal: no such path bot/.env in 6b755b708c6a3a4866dcfbd7c7268129774082f0
2025-10-21 00:17:40.402 [info] > git show --textconv :bot/config.py [6ms]
2025-10-21 00:17:40.402 [info] > git ls-files --stage -- bot/config.py [1ms]
2025-10-21 00:17:40.410 [info] > git cat-file -s 4b6f9640161d8d2135c5a36724d48c6e4a5bbc96 [2ms]
2025-10-21 00:17:40.750 [info] > git config --get commit.template [4ms]
2025-10-21 00:17:40.750 [info] > git for-each-ref --format=%(refname)%00%(upstream:short)%00%(objectname)%00%(upstream:track)%00%(upstream:remotename)%00%(upstream:remoteref) refs/heads/master refs/remotes/master [1ms]
2025-10-21 00:17:40.754 [warning] [Git][revParse] Unable to read file: ENOENT: no such file or directory, open '/home/pixel_loop/projects/TelegramFileSharingBot/.git/refs/remotes/origin/master'
2025-10-21 00:17:40.755 [info] > git rev-parse refs/remotes/origin/master [1ms]
2025-10-21 00:17:40.763 [info] > git status -z -uall [4ms]
2025-10-21 00:17:40.764 [info] > git for-each-ref --sort -committerdate --format %(refname)%00%(objectname)%00%(*objectname) [1ms]
2025-10-21 00:17:46.741 [info] > git show --textconv :bot/.env [12ms]
2025-10-21 00:17:46.741 [warning] [GitFileSystemProvider][readFile] File not found - git:/home/pixel_loop/projects/TelegramFileSharingBot/bot/.env.git?%7B%22path%22%3A%22%2Fhome%2Fpixel_loop%2Fprojects%2FTelegramFileSharingBot%2Fbot%2F.env%22%2C%22ref%22%3A%22%22%7D
2025-10-21 00:17:46.742 [info] > git ls-files --stage -- bot/.env [2ms]
2025-10-21 00:17:46.743 [warning] [GitFileSystemProvider][stat] File not found - git:/home/pixel_loop/projects/TelegramFileSharingBot/bot/.env.git?%7B%22path%22%3A%22%2Fhome%2Fpixel_loop%2Fprojects%2FTelegramFileSharingBot%2Fbot%2F.env%22%2C%22ref%22%3A%22%22%7D
2025-10-21 00:17:56.932 [info] > git config --get commit.template [7ms]
2025-10-21 00:17:56.933 [info] > git for-each-ref --format=%(refname)%00%(upstream:short)%00%(objectname)%00%(upstream:track)%00%(upstream:remotename)%00%(upstream:remoteref) refs/heads/master refs/remotes/master [2ms]
2025-10-21 00:17:56.939 [warning] [Git][revParse] Unable to read file: ENOENT: no such file or directory, open '/home/pixel_loop/projects/TelegramFileSharingBot/.git/refs/remotes/origin/master'
2025-10-21 00:17:56.940 [info] > git rev-parse refs/remotes/origin/master [1ms]
2025-10-21 00:17:56.960 [info] > git status -z -uall [15ms]
2025-10-21 00:17:56.963 [info] > git for-each-ref --sort -committerdate --format %(refname)%00%(objectname)%00%(*objectname) [5ms]
2025-10-21 00:18:07.023 [info] > git config --get commit.template [13ms]
2025-10-21 00:18:07.024 [info] > git for-each-ref --format=%(refname)%00%(upstream:short)%00%(objectname)%00%(upstream:track)%00%(upstream:remotename)%00%(upstream:remoteref) refs/heads/master refs/remotes/master [2ms]
2025-10-21 00:18:07.033 [warning] [Git][revParse] Unable to read file: ENOENT: no such file or directory, open '/home/pixel_loop/projects/TelegramFileSharingBot/.git/refs/remotes/origin/master'
2025-10-21 00:18:07.035 [info] > git rev-parse refs/remotes/origin/master [2ms]
2025-10-21 00:18:07.049 [info] > git status -z -uall [7ms]
2025-10-21 00:18:07.050 [info] > git for-each-ref --sort -committerdate --format %(refname)%00%(objectname)%00%(*objectname) [1ms]
2025-10-21 00:18:12.082 [info] > git config --get commit.template [14ms]
2025-10-21 00:18:12.084 [info] > git for-each-ref --format=%(refname)%00%(upstream:short)%00%(objectname)%00%(upstream:track)%00%(upstream:remotename)%00%(upstream:remoteref) refs/heads/master refs/remotes/master [3ms]
2025-10-21 00:18:12.093 [warning] [Git][revParse] Unable to read file: ENOENT: no such file or directory, open '/home/pixel_loop/projects/TelegramFileSharingBot/.git/refs/remotes/origin/master'
2025-10-21 00:18:12.095 [info] > git rev-parse refs/remotes/origin/master [2ms]
2025-10-21 00:18:12.110 [info] > git status -z -uall [8ms]
2025-10-21 00:18:12.110 [info] > git for-each-ref --sort -committerdate --format %(refname)%00%(objectname)%00%(*objectname) [1ms]
2025-10-21 00:18:12.475 [info] > git show --textconv :bot/config.py [6ms]
2025-10-21 00:18:12.476 [info] > git ls-files --stage -- bot/config.py [2ms]
2025-10-21 00:18:12.482 [info] > git cat-file -s 4b6f9640161d8d2135c5a36724d48c6e4a5bbc96 [1ms]
2025-10-21 00:18:17.135 [info] > git config --get commit.template [11ms]
2025-10-21 00:18:17.136 [info] > git for-each-ref --format=%(refname)%00%(upstream:short)%00%(objectname)%00%(upstream:track)%00%(upstream:remotename)%00%(upstream:remoteref) refs/heads/master refs/remotes/master [2ms]
2025-10-21 00:18:17.143 [warning] [Git][revParse] Unable to read file: ENOENT: no such file or directory, open '/home/pixel_loop/projects/TelegramFileSharingBot/.git/refs/remotes/origin/master'
2025-10-21 00:18:17.145 [info] > git rev-parse refs/remotes/origin/master [2ms]
2025-10-21 00:18:17.156 [info] > git status -z -uall [6ms]
2025-10-21 00:18:17.157 [info] > git for-each-ref --sort -committerdate --format %(refname)%00%(objectname)%00%(*objectname) [2ms]
2025-10-21 00:18:24.466 [info] > git show --textconv :bot/.env [9ms]
2025-10-21 00:18:24.467 [warning] [GitFileSystemProvider][readFile] File not found - git:/home/pixel_loop/projects/TelegramFileSharingBot/bot/.env.git?%7B%22path%22%3A%22%2Fhome%2Fpixel_loop%2Fprojects%2FTelegramFileSharingBot%2Fbot%2F.env%22%2C%22ref%22%3A%22%22%7D
2025-10-21 00:18:24.467 [info] > git ls-files --stage -- bot/.env [2ms]
2025-10-21 00:18:24.468 [warning] [GitFileSystemProvider][stat] File not found - git:/home/pixel_loop/projects/TelegramFileSharingBot/bot/.env.git?%7B%22path%22%3A%22%2Fhome%2Fpixel_loop%2Fprojects%2FTelegramFileSharingBot%2Fbot%2F.env%22%2C%22ref%22%3A%22%22%7D
2025-10-21 00:18:28.877 [info] > git config --get commit.template [9ms]
2025-10-21 00:18:28.877 [info] > git for-each-ref --format=%(refname)%00%(upstream:short)%00%(objectname)%00%(upstream:track)%00%(upstream:remotename)%00%(upstream:remoteref) refs/heads/master refs/remotes/master [0ms]
2025-10-21 00:18:28.886 [warning] [Git][revParse] Unable to read file: ENOENT: no such file or directory, open '/home/pixel_loop/projects/TelegramFileSharingBot/.git/refs/remotes/origin/master'
2025-10-21 00:18:28.888 [info] > git rev-parse refs/remotes/origin/master [2ms]
2025-10-21 00:18:28.903 [info] > git status -z -uall [8ms]
2025-10-21 00:18:28.903 [info] > git for-each-ref --sort -committerdate --format %(refname)%00%(objectname)%00%(*objectname) [1ms]
2025-10-21 00:19:17.582 [info] > git show --textconv :bot/handlers/user/my_files/files_list.py [7ms]
2025-10-21 00:19:17.583 [info] > git ls-files --stage -- bot/handlers/user/my_files/files_list.py [1ms]
2025-10-21 00:19:17.588 [info] > git cat-file -s f4bf8d1d44ff40b0ab112d778055e7bf1daffcef [0ms]
2025-10-21 00:19:20.978 [info] > git blame --root --incremental 6b755b708c6a3a4866dcfbd7c7268129774082f0 -- bot/handlers/user/my_files/files_list.py [1ms]
2025-10-21 00:19:28.191 [info] > git show --textconv :bot/handlers/user/my_files/page_hadlers.py [15ms]
2025-10-21 00:19:28.193 [info] > git ls-files --stage -- bot/handlers/user/my_files/page_hadlers.py [3ms]
2025-10-21 00:19:28.200 [info] > git cat-file -s 27484300a9315ddda97fa9b6cc36892d8a67e41f [1ms]
2025-10-21 00:19:32.591 [info] > git show --textconv :bot/handlers/user/my_files/files_list.py [7ms]
2025-10-21 00:19:32.592 [info] > git ls-files --stage -- bot/handlers/user/my_files/files_list.py [1ms]
2025-10-21 00:19:32.596 [info] > git cat-file -s f4bf8d1d44ff40b0ab112d778055e7bf1daffcef [1ms]
2025-10-21 00:19:44.455 [info] > git show --textconv :bot/keyboards/inline/files_list.py [10ms]
2025-10-21 00:19:44.456 [info] > git ls-files --stage -- bot/keyboards/inline/files_list.py [2ms]
2025-10-21 00:19:44.461 [info] > git cat-file -s 3f6d70344a35f9c73910af3a1428db3417787fc4 [1ms]
2025-10-21 00:19:48.569 [info] > git show --textconv :bot/keyboards/inline/file_actions.py [10ms]
2025-10-21 00:19:48.570 [info] > git ls-files --stage -- bot/keyboards/inline/file_actions.py [3ms]
2025-10-21 00:19:48.580 [info] > git cat-file -s 89d527098a956a58bb474d42e276160017a547f0 [2ms]
2025-10-21 00:19:53.024 [info] > git show --textconv :bot/keyboards/inline/back_to_main.py [15ms]
2025-10-21 00:19:53.025 [info] > git ls-files --stage -- bot/keyboards/inline/back_to_main.py [2ms]
2025-10-21 00:19:53.037 [info] > git cat-file -s 73de3a2c41264f1bc81b7778454c39c16ab922cd [2ms]
2025-10-21 00:19:53.838 [info] > git show --textconv :bot/keyboards/inline/back_to_list.py [11ms]
2025-10-21 00:19:53.840 [info] > git ls-files --stage -- bot/keyboards/inline/back_to_list.py [2ms]
2025-10-21 00:19:53.847 [info] > git cat-file -s ba406242d026dc2aa617aa53c659d42948f9aef2 [1ms]
2025-10-21 00:19:55.332 [info] > git show --textconv :bot/keyboards/inline/main.py [12ms]
2025-10-21 00:19:55.333 [info] > git ls-files --stage -- bot/keyboards/inline/main.py [1ms]
2025-10-21 00:19:55.338 [info] > git cat-file -s f735b5c0d908b949653193299287cc362086f29d [1ms]
2025-10-21 00:19:57.378 [info] > git blame --root --incremental 6b755b708c6a3a4866dcfbd7c7268129774082f0 -- bot/keyboards/inline/main.py [2ms]
2025-10-21 00:20:00.715 [info] > git config --get commit.template [16ms]
2025-10-21 00:20:00.716 [info] > git for-each-ref --format=%(refname)%00%(upstream:short)%00%(objectname)%00%(upstream:track)%00%(upstream:remotename)%00%(upstream:remoteref) refs/heads/master refs/remotes/master [2ms]
2025-10-21 00:20:00.721 [warning] [Git][revParse] Unable to read file: ENOENT: no such file or directory, open '/home/pixel_loop/projects/TelegramFileSharingBot/.git/refs/remotes/origin/master'
2025-10-21 00:20:00.722 [info] > git rev-parse refs/remotes/origin/master [1ms]
2025-10-21 00:20:00.733 [info] > git status -z -uall [6ms]
2025-10-21 00:20:00.734 [info] > git for-each-ref --sort -committerdate --format %(refname)%00%(objectname)%00%(*objectname) [1ms]
2025-10-21 00:20:06.015 [info] > git config --get commit.template [2ms]
2025-10-21 00:20:06.028 [info] > git for-each-ref --format=%(refname)%00%(upstream:short)%00%(objectname)%00%(upstream:track)%00%(upstream:remotename)%00%(upstream:remoteref) refs/heads/master refs/remotes/master [3ms]
2025-10-21 00:20:06.036 [warning] [Git][revParse] Unable to read file: ENOENT: no such file or directory, open '/home/pixel_loop/projects/TelegramFileSharingBot/.git/refs/remotes/origin/master'
2025-10-21 00:20:06.038 [info] > git rev-parse refs/remotes/origin/master [2ms]
2025-10-21 00:20:06.051 [info] > git status -z -uall [7ms]
2025-10-21 00:20:06.052 [info] > git for-each-ref --sort -committerdate --format %(refname)%00%(objectname)%00%(*objectname) [1ms]
2025-10-21 00:20:06.434 [info] > git show --textconv :bot/.env [14ms]
2025-10-21 00:20:06.435 [warning] [GitFileSystemProvider][readFile] File not found - git:/home/pixel_loop/projects/TelegramFileSharingBot/bot/.env.git?%7B%22path%22%3A%22%2Fhome%2Fpixel_loop%2Fprojects%2FTelegramFileSharingBot%2Fbot%2F.env%22%2C%22ref%22%3A%22%22%7D
2025-10-21 00:20:06.436 [info] > git ls-files --stage -- bot/.env [3ms]
2025-10-21 00:20:06.436 [warning] [GitFileSystemProvider][stat] File not found - git:/home/pixel_loop/projects/TelegramFileSharingBot/bot/.env.git?%7B%22path%22%3A%22%2Fhome%2Fpixel_loop%2Fprojects%2FTelegramFileSharingBot%2Fbot%2F.env%22%2C%22ref%22%3A%22%22%7D
2025-10-21 00:20:33.067 [info] > git show --textconv :bot/handlers/user/my_files/files_list.py [8ms]
2025-10-21 00:20:33.068 [info] > git ls-files --stage -- bot/handlers/user/my_files/files_list.py [1ms]
2025-10-21 00:20:33.078 [info] > git cat-file -s f4bf8d1d44ff40b0ab112d778055e7bf1daffcef [2ms]
2025-10-21 00:21:18.368 [info] > git config --get commit.template [10ms]
2025-10-21 00:21:18.369 [info] > git for-each-ref --format=%(refname)%00%(upstream:short)%00%(objectname)%00%(upstream:track)%00%(upstream:remotename)%00%(upstream:remoteref) refs/heads/master refs/remotes/master [3ms]
2025-10-21 00:21:18.376 [warning] [Git][revParse] Unable to read file: ENOENT: no such file or directory, open '/home/pixel_loop/projects/TelegramFileSharingBot/.git/refs/remotes/origin/master'
2025-10-21 00:21:18.378 [info] > git rev-parse refs/remotes/origin/master [2ms]
2025-10-21 00:21:18.389 [info] > git status -z -uall [5ms]
2025-10-21 00:21:18.389 [info] > git for-each-ref --sort -committerdate --format %(refname)%00%(objectname)%00%(*objectname) [1ms]
2025-10-21 00:21:23.424 [info] > git config --get commit.template [16ms]
2025-10-21 00:21:23.426 [info] > git for-each-ref --format=%(refname)%00%(upstream:short)%00%(objectname)%00%(upstream:track)%00%(upstream:remotename)%00%(upstream:remoteref) refs/heads/master refs/remotes/master [3ms]
2025-10-21 00:21:23.436 [warning] [Git][revParse] Unable to read file: ENOENT: no such file or directory, open '/home/pixel_loop/projects/TelegramFileSharingBot/.git/refs/remotes/origin/master'
2025-10-21 00:21:23.437 [info] > git rev-parse refs/remotes/origin/master [1ms]
2025-10-21 00:21:23.448 [info] > git status -z -uall [6ms]
2025-10-21 00:21:23.449 [info] > git for-each-ref --sort -committerdate --format %(refname)%00%(objectname)%00%(*objectname) [2ms]
2025-10-21 00:21:28.472 [info] > git config --get commit.template [11ms]
2025-10-21 00:21:28.473 [info] > git for-each-ref --format=%(refname)%00%(upstream:short)%00%(objectname)%00%(upstream:track)%00%(upstream:remotename)%00%(upstream:remoteref) refs/heads/master refs/remotes/master [2ms]
2025-10-21 00:21:28.480 [warning] [Git][revParse] Unable to read file: ENOENT: no such file or directory, open '/home/pixel_loop/projects/TelegramFileSharingBot/.git/refs/remotes/origin/master'
2025-10-21 00:21:28.480 [info] > git rev-parse refs/remotes/origin/master [1ms]
2025-10-21 00:21:28.489 [info] > git status -z -uall [4ms]
2025-10-21 00:21:28.490 [info] > git for-each-ref --sort -committerdate --format %(refname)%00%(objectname)%00%(*objectname) [1ms]
2025-10-21 00:21:34.476 [info] > git config --get commit.template [15ms]
2025-10-21 00:21:34.476 [info] > git for-each-ref --format=%(refname)%00%(upstream:short)%00%(objectname)%00%(upstream:track)%00%(upstream:remotename)%00%(upstream:remoteref) refs/heads/master refs/remotes/master [1ms]
2025-10-21 00:21:34.481 [warning] [Git][revParse] Unable to read file: ENOENT: no such file or directory, open '/home/pixel_loop/projects/TelegramFileSharingBot/.git/refs/remotes/origin/master'
2025-10-21 00:21:34.481 [info] > git rev-parse refs/remotes/origin/master [0ms]
2025-10-21 00:21:34.489 [info] > git status -z -uall [4ms]
2025-10-21 00:21:34.490 [info] > git for-each-ref --sort -committerdate --format %(refname)%00%(objectname)%00%(*objectname) [1ms]
2025-10-21 00:21:58.395 [info] > git config --get commit.template [14ms]
2025-10-21 00:21:58.397 [info] > git for-each-ref --format=%(refname)%00%(upstream:short)%00%(objectname)%00%(upstream:track)%00%(upstream:remotename)%00%(upstream:remoteref) refs/heads/master refs/remotes/master [2ms]
2025-10-21 00:21:58.406 [warning] [Git][revParse] Unable to read file: ENOENT: no such file or directory, open '/home/pixel_loop/projects/TelegramFileSharingBot/.git/refs/remotes/origin/master'
2025-10-21 00:21:58.407 [info] > git rev-parse refs/remotes/origin/master [1ms]
2025-10-21 00:21:58.421 [info] > git status -z -uall [7ms]
2025-10-21 00:21:58.422 [info] > git for-each-ref --sort -committerdate --format %(refname)%00%(objectname)%00%(*objectname) [2ms]
2025-10-21 00:22:07.982 [info] > git config --get commit.template [10ms]
2025-10-21 00:22:07.983 [info] > git for-each-ref --format=%(refname)%00%(upstream:short)%00%(objectname)%00%(upstream:track)%00%(upstream:remotename)%00%(upstream:remoteref) refs/heads/master refs/remotes/master [2ms]
2025-10-21 00:22:07.992 [warning] [Git][revParse] Unable to read file: ENOENT: no such file or directory, open '/home/pixel_loop/projects/TelegramFileSharingBot/.git/refs/remotes/origin/master'
2025-10-21 00:22:07.994 [info] > git rev-parse refs/remotes/origin/master [2ms]
2025-10-21 00:22:08.007 [info] > git status -z -uall [6ms]
2025-10-21 00:22:08.008 [info] > git for-each-ref --sort -committerdate --format %(refname)%00%(objectname)%00%(*objectname) [1ms]
2025-10-21 00:22:16.080 [info] > git config --get commit.template [15ms]
2025-10-21 00:22:16.080 [info] > git for-each-ref --format=%(refname)%00%(upstream:short)%00%(objectname)%00%(upstream:track)%00%(upstream:remotename)%00%(upstream:remoteref) refs/heads/master refs/remotes/master [2ms]
2025-10-21 00:22:16.090 [warning] [Git][revParse] Unable to read file: ENOENT: no such file or directory, open '/home/pixel_loop/projects/TelegramFileSharingBot/.git/refs/remotes/origin/master'
2025-10-21 00:22:16.091 [info] > git rev-parse refs/remotes/origin/master [2ms]
2025-10-21 00:22:16.104 [info] > git status -z -uall [6ms]
2025-10-21 00:22:16.105 [info] > git for-each-ref --sort -committerdate --format %(refname)%00%(objectname)%00%(*objectname) [1ms]
2025-10-21 00:22:59.610 [info] > git config --get commit.template [10ms]
2025-10-21 00:22:59.611 [info] > git for-each-ref --format=%(refname)%00%(upstream:short)%00%(objectname)%00%(upstream:track)%00%(upstream:remotename)%00%(upstream:remoteref) refs/heads/master refs/remotes/master [2ms]
2025-10-21 00:22:59.618 [warning] [Git][revParse] Unable to read file: ENOENT: no such file or directory, open '/home/pixel_loop/projects/TelegramFileSharingBot/.git/refs/remotes/origin/master'
2025-10-21 00:22:59.619 [info] > git rev-parse refs/remotes/origin/master [1ms]
2025-10-21 00:22:59.630 [info] > git status -z -uall [6ms]
2025-10-21 00:22:59.630 [info] > git for-each-ref --sort -committerdate --format %(refname)%00%(objectname)%00%(*objectname) [1ms]
2025-10-21 00:23:12.289 [info] > git config --get commit.template [2ms]
2025-10-21 00:23:12.297 [info] > git for-each-ref --format=%(refname)%00%(upstream:short)%00%(objectname)%00%(upstream:track)%00%(upstream:remotename)%00%(upstream:remoteref) refs/heads/master refs/remotes/master [2ms]
2025-10-21 00:23:12.302 [warning] [Git][revParse] Unable to read file: ENOENT: no such file or directory, open '/home/pixel_loop/projects/TelegramFileSharingBot/.git/refs/remotes/origin/master'
2025-10-21 00:23:12.303 [info] > git rev-parse refs/remotes/origin/master [1ms]
2025-10-21 00:23:12.312 [info] > git status -z -uall [4ms]
2025-10-21 00:23:12.313 [info] > git for-each-ref --sort -committerdate --format %(refname)%00%(objectname)%00%(*objectname) [1ms]
2025-10-21 00:23:32.850 [info] > git show --textconv :bot/keyboards/inline/file_actions.py [13ms]
2025-10-21 00:23:32.851 [info] > git ls-files --stage -- bot/keyboards/inline/file_actions.py [3ms]
2025-10-21 00:23:32.862 [info] > git cat-file -s 89d527098a956a58bb474d42e276160017a547f0 [2ms]
2025-10-21 00:23:34.853 [info] > git show --textconv :bot/keyboards/inline/back_to_main.py [9ms]
2025-10-21 00:23:34.855 [info] > git ls-files --stage -- bot/keyboards/inline/back_to_main.py [3ms]
2025-10-21 00:23:34.862 [info] > git cat-file -s 73de3a2c41264f1bc81b7778454c39c16ab922cd [1ms]
2025-10-21 00:23:36.004 [info] > git show --textconv :bot/keyboards/inline/back_to_list.py [17ms]
2025-10-21 00:23:36.005 [info] > git ls-files --stage -- bot/keyboards/inline/back_to_list.py [2ms]
2025-10-21 00:23:36.013 [info] > git cat-file -s ba406242d026dc2aa617aa53c659d42948f9aef2 [1ms]
2025-10-21 00:23:36.769 [info] > git show --textconv :bot/keyboards/inline/files_list.py [14ms]
2025-10-21 00:23:36.770 [info] > git ls-files --stage -- bot/keyboards/inline/files_list.py [2ms]
2025-10-21 00:23:36.781 [info] > git cat-file -s 3f6d70344a35f9c73910af3a1428db3417787fc4 [1ms]
2025-10-21 00:23:46.340 [info] > git blame --root --incremental 6b755b708c6a3a4866dcfbd7c7268129774082f0 -- bot/keyboards/inline/files_list.py [1ms]
2025-10-21 00:23:49.425 [info] > git show --textconv :bot/keyboards/inline/main.py [9ms]
2025-10-21 00:23:49.426 [info] > git ls-files --stage -- bot/keyboards/inline/main.py [2ms]
2025-10-21 00:23:49.437 [info] > git cat-file -s f735b5c0d908b949653193299287cc362086f29d [2ms]
2025-10-21 00:23:54.720 [info] > git show --textconv :bot/handlers/user/my_files/files_list.py [11ms]
2025-10-21 00:23:54.721 [info] > git ls-files --stage -- bot/handlers/user/my_files/files_list.py [2ms]
2025-10-21 00:23:54.732 [info] > git cat-file -s f4bf8d1d44ff40b0ab112d778055e7bf1daffcef [3ms]
2025-10-21 00:23:56.398 [info] > git show --textconv :bot/handlers/user/my_files/page_hadlers.py [15ms]
2025-10-21 00:23:56.400 [info] > git ls-files --stage -- bot/handlers/user/my_files/page_hadlers.py [3ms]
2025-10-21 00:23:56.408 [info] > git cat-file -s 27484300a9315ddda97fa9b6cc36892d8a67e41f [1ms]
2025-10-21 00:24:03.948 [info] > git config --get commit.template [10ms]
2025-10-21 00:24:03.949 [info] > git for-each-ref --format=%(refname)%00%(upstream:short)%00%(objectname)%00%(upstream:track)%00%(upstream:remotename)%00%(upstream:remoteref) refs/heads/master refs/remotes/master [2ms]
2025-10-21 00:24:03.954 [warning] [Git][revParse] Unable to read file: ENOENT: no such file or directory, open '/home/pixel_loop/projects/TelegramFileSharingBot/.git/refs/remotes/origin/master'
2025-10-21 00:24:03.955 [info] > git rev-parse refs/remotes/origin/master [1ms]
2025-10-21 00:24:03.963 [info] > git status -z -uall [4ms]
2025-10-21 00:24:03.963 [info] > git for-each-ref --sort -committerdate --format %(refname)%00%(objectname)%00%(*objectname) [1ms]
2025-10-21 00:24:14.705 [info] > git config --get commit.template [2ms]
2025-10-21 00:24:14.714 [info] > git for-each-ref --format=%(refname)%00%(upstream:short)%00%(objectname)%00%(upstream:track)%00%(upstream:remotename)%00%(upstream:remoteref) refs/heads/master refs/remotes/master [1ms]
2025-10-21 00:24:14.719 [warning] [Git][revParse] Unable to read file: ENOENT: no such file or directory, open '/home/pixel_loop/projects/TelegramFileSharingBot/.git/refs/remotes/origin/master'
2025-10-21 00:24:14.720 [info] > git rev-parse refs/remotes/origin/master [1ms]
2025-10-21 00:24:14.729 [info] > git status -z -uall [5ms]
2025-10-21 00:24:14.730 [info] > git for-each-ref --sort -committerdate --format %(refname)%00%(objectname)%00%(*objectname) [1ms]
2025-10-21 00:24:22.111 [info] > git config --get commit.template [10ms]
2025-10-21 00:24:22.112 [info] > git for-each-ref --format=%(refname)%00%(upstream:short)%00%(objectname)%00%(upstream:track)%00%(upstream:remotename)%00%(upstream:remoteref) refs/heads/master refs/remotes/master [2ms]
2025-10-21 00:24:22.121 [warning] [Git][revParse] Unable to read file: ENOENT: no such file or directory, open '/home/pixel_loop/projects/TelegramFileSharingBot/.git/refs/remotes/origin/master'
2025-10-21 00:24:22.122 [info] > git rev-parse refs/remotes/origin/master [1ms]
2025-10-21 00:24:22.136 [info] > git status -z -uall [7ms]
2025-10-21 00:24:22.137 [info] > git for-each-ref --sort -committerdate --format %(refname)%00%(objectname)%00%(*objectname) [2ms]
2025-10-21 00:24:27.169 [info] > git config --get commit.template [14ms]
2025-10-21 00:24:27.170 [info] > git for-each-ref --format=%(refname)%00%(upstream:short)%00%(objectname)%00%(upstream:track)%00%(upstream:remotename)%00%(upstream:remoteref) refs/heads/master refs/remotes/master [3ms]
2025-10-21 00:24:27.177 [warning] [Git][revParse] Unable to read file: ENOENT: no such file or directory, open '/home/pixel_loop/projects/TelegramFileSharingBot/.git/refs/remotes/origin/master'
2025-10-21 00:24:27.179 [info] > git rev-parse refs/remotes/origin/master [2ms]
2025-10-21 00:24:27.192 [info] > git status -z -uall [7ms]
2025-10-21 00:24:27.192 [info] > git for-each-ref --sort -committerdate --format %(refname)%00%(objectname)%00%(*objectname) [1ms]
2025-10-21 00:24:32.258 [info] > git show --textconv :bot/handlers/user/my_files/files_list.py [12ms]
2025-10-21 00:24:32.259 [info] > git ls-files --stage -- bot/handlers/user/my_files/files_list.py [2ms]
2025-10-21 00:24:32.265 [info] > git cat-file -s f4bf8d1d44ff40b0ab112d778055e7bf1daffcef [1ms]
2025-10-21 00:24:32.560 [info] > git config --get commit.template [5ms]
2025-10-21 00:24:32.561 [info] > git for-each-ref --format=%(refname)%00%(upstream:short)%00%(objectname)%00%(upstream:track)%00%(upstream:remotename)%00%(upstream:remoteref) refs/heads/master refs/remotes/master [1ms]
2025-10-21 00:24:32.565 [warning] [Git][revParse] Unable to read file: ENOENT: no such file or directory, open '/home/pixel_loop/projects/TelegramFileSharingBot/.git/refs/remotes/origin/master'
2025-10-21 00:24:32.565 [info] > git rev-parse refs/remotes/origin/master [0ms]
2025-10-21 00:24:32.573 [info] > git status -z -uall [4ms]
2025-10-21 00:24:32.573 [info] > git for-each-ref --sort -committerdate --format %(refname)%00%(objectname)%00%(*objectname) [0ms]
2025-10-21 00:24:35.590 [info] > git show --textconv :bot/handlers/user/my_files/page_hadlers.py [5ms]
2025-10-21 00:24:35.591 [info] > git ls-files --stage -- bot/handlers/user/my_files/page_hadlers.py [2ms]
2025-10-21 00:24:35.595 [info] > git cat-file -s 27484300a9315ddda97fa9b6cc36892d8a67e41f [0ms]
2025-10-21 00:24:39.363 [info] > git config --get commit.template [13ms]
2025-10-21 00:24:39.365 [info] > git for-each-ref --format=%(refname)%00%(upstream:short)%00%(objectname)%00%(upstream:track)%00%(upstream:remotename)%00%(upstream:remoteref) refs/heads/master refs/remotes/master [3ms]
2025-10-21 00:24:39.372 [warning] [Git][revParse] Unable to read file: ENOENT: no such file or directory, open '/home/pixel_loop/projects/TelegramFileSharingBot/.git/refs/remotes/origin/master'
2025-10-21 00:24:39.373 [info] > git rev-parse refs/remotes/origin/master [1ms]
2025-10-21 00:24:39.384 [info] > git status -z -uall [6ms]
2025-10-21 00:24:39.385 [info] > git for-each-ref --sort -committerdate --format %(refname)%00%(objectname)%00%(*objectname) [2ms]
2025-10-21 00:24:44.409 [info] > git config --get commit.template [9ms]
2025-10-21 00:24:44.411 [info] > git for-each-ref --format=%(refname)%00%(upstream:short)%00%(objectname)%00%(upstream:track)%00%(upstream:remotename)%00%(upstream:remoteref) refs/heads/master refs/remotes/master [2ms]
2025-10-21 00:24:44.414 [warning] [Git][revParse] Unable to read file: ENOENT: no such file or directory, open '/home/pixel_loop/projects/TelegramFileSharingBot/.git/refs/remotes/origin/master'
2025-10-21 00:24:44.415 [info] > git rev-parse refs/remotes/origin/master [1ms]
2025-10-21 00:24:44.423 [info] > git status -z -uall [4ms]
2025-10-21 00:24:44.424 [info] > git for-each-ref --sort -committerdate --format %(refname)%00%(objectname)%00%(*objectname) [1ms]
2025-10-21 00:24:51.854 [info] > git config --get commit.template [10ms]
2025-10-21 00:24:51.855 [info] > git for-each-ref --format=%(refname)%00%(upstream:short)%00%(objectname)%00%(upstream:track)%00%(upstream:remotename)%00%(upstream:remoteref) refs/heads/master refs/remotes/master [1ms]
2025-10-21 00:24:51.861 [warning] [Git][revParse] Unable to read file: ENOENT: no such file or directory, open '/home/pixel_loop/projects/TelegramFileSharingBot/.git/refs/remotes/origin/master'
2025-10-21 00:24:51.862 [info] > git rev-parse refs/remotes/origin/master [1ms]
2025-10-21 00:24:51.869 [info] > git status -z -uall [4ms]
2025-10-21 00:24:51.870 [info] > git for-each-ref --sort -committerdate --format %(refname)%00%(objectname)%00%(*objectname) [1ms]
2025-10-21 00:25:37.675 [info] > git show --textconv :bot/keyboards/inline/back_to_list.py [9ms]
2025-10-21 00:25:37.676 [info] > git ls-files --stage -- bot/keyboards/inline/back_to_list.py [4ms]
2025-10-21 00:25:37.681 [info] > git cat-file -s ba406242d026dc2aa617aa53c659d42948f9aef2 [1ms]
2025-10-21 00:25:39.399 [info] > git blame --root --incremental 6b755b708c6a3a4866dcfbd7c7268129774082f0 -- bot/keyboards/inline/back_to_list.py [1ms]
2025-10-21 00:25:49.656 [info] > git show --textconv :bot/handlers/user/my_files/page_hadlers.py [8ms]
2025-10-21 00:25:49.657 [info] > git ls-files --stage -- bot/handlers/user/my_files/page_hadlers.py [1ms]
2025-10-21 00:25:49.664 [info] > git cat-file -s 27484300a9315ddda97fa9b6cc36892d8a67e41f [1ms]
2025-10-21 00:25:50.364 [info] > git show --textconv :bot/handlers/user/my_files/files_list.py [13ms]
2025-10-21 00:25:50.367 [info] > git ls-files --stage -- bot/handlers/user/my_files/files_list.py [4ms]
2025-10-21 00:25:50.376 [info] > git cat-file -s f4bf8d1d44ff40b0ab112d778055e7bf1daffcef [1ms]
2025-10-21 00:25:51.973 [info] > git show --textconv :bot/config.py [13ms]
2025-10-21 00:25:51.974 [info] > git ls-files --stage -- bot/config.py [2ms]
2025-10-21 00:25:51.982 [info] > git cat-file -s 4b6f9640161d8d2135c5a36724d48c6e4a5bbc96 [1ms]
2025-10-21 00:25:54.006 [info] > git show --textconv :bot/.env [7ms]
2025-10-21 00:25:54.006 [warning] [GitFileSystemProvider][readFile] File not found - git:/home/pixel_loop/projects/TelegramFileSharingBot/bot/.env.git?%7B%22path%22%3A%22%2Fhome%2Fpixel_loop%2Fprojects%2FTelegramFileSharingBot%2Fbot%2F.env%22%2C%22ref%22%3A%22%22%7D
2025-10-21 00:25:54.007 [info] > git ls-files --stage -- bot/.env [2ms]
2025-10-21 00:25:54.007 [warning] [GitFileSystemProvider][stat] File not found - git:/home/pixel_loop/projects/TelegramFileSharingBot/bot/.env.git?%7B%22path%22%3A%22%2Fhome%2Fpixel_loop%2Fprojects%2FTelegramFileSharingBot%2Fbot%2F.env%22%2C%22ref%22%3A%22%22%7D
2025-10-21 00:25:55.655 [info] > git show --textconv :bot/config.py [7ms]
2025-10-21 00:25:55.655 [info] > git ls-files --stage -- bot/config.py [1ms]
2025-10-21 00:25:55.665 [info] > git cat-file -s 4b6f9640161d8d2135c5a36724d48c6e4a5bbc96 [1ms]
2025-10-21 00:26:02.922 [info] > git show --textconv :requests.txt [17ms]
2025-10-21 00:26:02.922 [info] > git ls-files --stage -- requests.txt [1ms]
2025-10-21 00:26:02.928 [info] > git cat-file -s 72fed74c0000d6445de359911dea8fe00c49da47 [1ms]
2025-10-21 00:26:50.883 [info] > git show --textconv :bot/handlers/user/my_files/files_list.py [13ms]
2025-10-21 00:26:50.883 [info] > git ls-files --stage -- bot/handlers/user/my_files/files_list.py [1ms]
2025-10-21 00:26:50.891 [info] > git cat-file -s f4bf8d1d44ff40b0ab112d778055e7bf1daffcef [1ms]
2025-10-21 00:26:59.075 [info] > git show --textconv :bot/handlers/user/__init__.py [10ms]
2025-10-21 00:26:59.076 [info] > git ls-files --stage -- bot/handlers/user/__init__.py [2ms]
2025-10-21 00:26:59.081 [info] > git cat-file -s 74175f39c150aed03cb771befeb2b3da499a898f [1ms]
2025-10-21 00:27:01.267 [info] > git show --textconv :bot/handlers/user/my_files/files_list.py [6ms]
2025-10-21 00:27:01.267 [info] > git ls-files --stage -- bot/handlers/user/my_files/files_list.py [1ms]
2025-10-21 00:27:01.271 [info] > git cat-file -s f4bf8d1d44ff40b0ab112d778055e7bf1daffcef [0ms]
2025-10-21 00:29:49.474 [info] > git show --textconv :bot/main4.py [5ms]
2025-10-21 00:29:49.475 [info] > git ls-files --stage -- bot/main4.py [1ms]
2025-10-21 00:29:49.479 [info] > git cat-file -s 85904b51a28fde16e61828f27eb1cdd4a6b2f528 [1ms]
2025-10-21 00:29:50.429 [info] > git blame --root --incremental 6b755b708c6a3a4866dcfbd7c7268129774082f0 -- bot/main4.py [2ms]
2025-10-21 00:30:46.566 [info] > git show --textconv :bot/handlers/user/my_files/files_list.py [12ms]
2025-10-21 00:30:46.567 [info] > git ls-files --stage -- bot/handlers/user/my_files/files_list.py [2ms]
2025-10-21 00:30:46.575 [info] > git cat-file -s f4bf8d1d44ff40b0ab112d778055e7bf1daffcef [1ms]
2025-10-21 00:30:48.387 [info] > git show --textconv :bot/config.py [15ms]
2025-10-21 00:30:48.388 [info] > git ls-files --stage -- bot/config.py [2ms]
2025-10-21 00:30:48.397 [info] > git cat-file -s 4b6f9640161d8d2135c5a36724d48c6e4a5bbc96 [2ms]
2025-10-21 00:30:49.386 [info] > git show --textconv :requests.txt [18ms]
2025-10-21 00:30:49.387 [info] > git ls-files --stage -- requests.txt [2ms]
2025-10-21 00:30:49.401 [info] > git cat-file -s 72fed74c0000d6445de359911dea8fe00c49da47 [3ms]
2025-10-21 00:30:50.583 [info] > git show --textconv :bot/config.py [7ms]
2025-10-21 00:30:50.583 [info] > git ls-files --stage -- bot/config.py [1ms]
2025-10-21 00:30:50.591 [info] > git cat-file -s 4b6f9640161d8d2135c5a36724d48c6e4a5bbc96 [2ms]
2025-10-21 00:30:51.664 [info] > git show --textconv :bot/handlers/user/my_files/files_list.py [9ms]
2025-10-21 00:30:51.665 [info] > git ls-files --stage -- bot/handlers/user/my_files/files_list.py [2ms]
2025-10-21 00:30:51.671 [info] > git cat-file -s f4bf8d1d44ff40b0ab112d778055e7bf1daffcef [1ms]
2025-10-21 00:30:52.206 [info] > git show --textconv :bot/handlers/user/my_files/page_hadlers.py [12ms]
2025-10-21 00:30:52.208 [info] > git ls-files --stage -- bot/handlers/user/my_files/page_hadlers.py [2ms]
2025-10-21 00:30:52.217 [info] > git cat-file -s 27484300a9315ddda97fa9b6cc36892d8a67e41f [2ms]
2025-10-21 00:30:54.395 [info] > git show --textconv :bot/handlers/user/my_files/files_list.py [15ms]
2025-10-21 00:30:54.397 [info] > git ls-files --stage -- bot/handlers/user/my_files/files_list.py [3ms]
2025-10-21 00:30:54.407 [info] > git cat-file -s f4bf8d1d44ff40b0ab112d778055e7bf1daffcef [2ms]
2025-10-21 00:31:26.842 [info] > git config --get commit.template [10ms]
2025-10-21 00:31:26.844 [info] > git for-each-ref --format=%(refname)%00%(upstream:short)%00%(objectname)%00%(upstream:track)%00%(upstream:remotename)%00%(upstream:remoteref) refs/heads/master refs/remotes/master [3ms]
2025-10-21 00:31:26.853 [warning] [Git][revParse] Unable to read file: ENOENT: no such file or directory, open '/home/pixel_loop/projects/TelegramFileSharingBot/.git/refs/remotes/origin/master'
2025-10-21 00:31:26.855 [info] > git rev-parse refs/remotes/origin/master [2ms]
2025-10-21 00:31:26.869 [info] > git status -z -uall [7ms]
2025-10-21 00:31:26.870 [info] > git for-each-ref --sort -committerdate --format %(refname)%00%(objectname)%00%(*objectname) [1ms]
2025-10-21 00:31:45.200 [info] > git config --get commit.template [5ms]
2025-10-21 00:31:45.201 [info] > git for-each-ref --format=%(refname)%00%(upstream:short)%00%(objectname)%00%(upstream:track)%00%(upstream:remotename)%00%(upstream:remoteref) refs/heads/master refs/remotes/master [1ms]
2025-10-21 00:31:45.205 [warning] [Git][revParse] Unable to read file: ENOENT: no such file or directory, open '/home/pixel_loop/projects/TelegramFileSharingBot/.git/refs/remotes/origin/master'
2025-10-21 00:31:45.206 [info] > git rev-parse refs/remotes/origin/master [1ms]
2025-10-21 00:31:45.220 [info] > git status -z -uall [7ms]
2025-10-21 00:31:45.222 [info] > git for-each-ref --sort -committerdate --format %(refname)%00%(objectname)%00%(*objectname) [2ms]
